api_lib.c:92:1:netconn_apimsg	8	static
api_lib.c:802:1:netconn_close_shutdown	32	static
api_lib.c:476:1:netconn_recv_data	24	static
api_lib.c:123:1:netconn_new_with_proto_and_callback	40	static
api_lib.c:166:1:netconn_delete	40	static
api_lib.c:212:1:netconn_getaddr	32	static
api_lib.c:250:1:netconn_bind	32	static
api_lib.c:294:1:netconn_connect	32	static
api_lib.c:326:1:netconn_disconnect	32	static
api_lib.c:351:1:netconn_listen_with_backlog	0	static
api_lib.c:388:1:netconn_accept	0	static
api_lib.c:603:1:netconn_recv_tcp_pbuf	8	static
api_lib.c:621:1:netconn_recv	8	static
api_lib.c:702:1:netconn_send	32	static
api_lib.c:683:1:netconn_sendto	8	static
api_lib.c:735:1:netconn_write_partly	48	static
api_lib.c:838:1:netconn_close	8	static
api_lib.c:854:1:netconn_shutdown	8	static
api_lib.c:872:1:netconn_join_leave_group	32	static
