netif.c:163:1:netif_init	0	static
netif.c:203:1:netif_input	0	static
netif.c:241:1:netif_add	32	static
netif.c:352:1:netif_set_addr	32	static
netif.c:377:1:netif_remove	8	static
netif.c:472:1:netif_find	4	static
netif.c:507:1:netif_set_ipaddr	24	static
netif.c:557:1:netif_set_gw	0	static
netif.c:580:1:netif_set_netmask	0	static
netif.c:604:1:netif_set_default	0	static
netif.c:624:1:netif_set_up	8	static
netif.c:682:1:netif_set_down	0	static
netif.c:735:1:netif_set_link_up	8	static
netif.c:760:1:netif_set_link_down	0	static
