pbuf.c:425:1:pbuf_alloced_custom	16	static
pbuf.c:665:1:pbuf_header	16	static
pbuf.c:675:1:pbuf_header_force	16	static
pbuf.c:715:1:pbuf_free	32	static
pbuf.c:248:1:pbuf_alloc	40	static
pbuf.c:493:1:pbuf_realloc	32	static
pbuf.c:800:1:pbuf_clen	0	static
pbuf.c:820:1:pbuf_ref	8	static
pbuf.c:840:1:pbuf_cat	16	static
pbuf.c:882:1:pbuf_chain	16	static
pbuf.c:899:1:pbuf_dechain	16	static
pbuf.c:948:1:pbuf_copy	40	static
pbuf.c:1015:1:pbuf_copy_partial	24	static
pbuf.c:1131:1:pbuf_skip	0	static
pbuf.c:1149:1:pbuf_take	40	static
pbuf.c:1193:1:pbuf_take_at	24	static
pbuf.c:1229:1:pbuf_coalesce	24	static
pbuf.c:1299:1:pbuf_get_at	0	static
pbuf.c:1317:1:pbuf_try_get_at	0	static
pbuf.c:1339:1:pbuf_put_at	0	static
pbuf.c:1362:1:pbuf_memcmp	16	static
pbuf.c:1404:1:pbuf_memfind	32	static
pbuf.c:1431:1:pbuf_strstr	40	static
