Participant.cpp:14:1:rtps::Participant::Participant()	40	static
Participant.cpp:18:1:rtps::Participant::Participant(const rtps::GuidPrefix_t&, rtps::ParticipantId_t)	40	static
Participant.cpp:24:1:rtps::Participant::~Participant()	16	static
Participant.cpp:28:6:void rtps::Participant::reuse(const rtps::GuidPrefix_t&, rtps::ParticipantId_t)	12	static
Participant.cpp:33:6:bool rtps::Participant::isValid()	0	static
Participant.cpp:37:24:std::array<unsigned char, 3> rtps::Participant::getNextUserEntityKey()	8	static
Participant.cpp:50:6:bool rtps::Participant::registerOnNewPublisherMatchedCallback(void (*)(void*), void*)	8	static
Participant.cpp:59:6:bool rtps::Participant::registerOnNewSubscriberMatchedCallback(void (*)(void*), void*)	8	static
Participant.cpp:68:15:rtps::Writer* rtps::Participant::addWriter(rtps::Writer*)	8	static
Participant.cpp:80:6:bool rtps::Participant::isWritersFull()	0	static
Participant.cpp:84:15:rtps::Reader* rtps::Participant::addReader(rtps::Reader*)	8	static
Participant.cpp:96:6:bool rtps::Participant::isReadersFull()	0	static
Participant.cpp:101:15:rtps::Writer* rtps::Participant::getWriter(rtps::EntityId_t) const	32	static
Participant.cpp:110:15:rtps::Reader* rtps::Participant::getReader(rtps::EntityId_t) const	32	static
Participant.cpp:119:15:rtps::Writer* rtps::Participant::getMatchingWriter(const rtps::TopicData&) const	24	static
Participant.cpp:130:15:rtps::Reader* rtps::Participant::getMatchingReader(const rtps::TopicData&) const	24	static
Participant.cpp:141:6:bool rtps::Participant::addNewRemoteParticipant(const rtps::ParticipantProxyData&)	16	static
Participant.cpp:145:6:bool rtps::Participant::removeRemoteParticipant(const rtps::GuidPrefix_t&)	32	static
Participant.cpp:154:35:const rtps::ParticipantProxyData* rtps::Participant::findRemoteParticipant(const rtps::GuidPrefix_t&)	32	static
Participant.cpp:163:10:uint32_t rtps::Participant::getRemoteParticipantCount()	0	static
Participant.cpp:167:24:rtps::MessageReceiver* rtps::Participant::getMessageReceiver()	0	static
Participant.cpp:171:6:void rtps::Participant::addBuiltInEndpoints(rtps::BuiltInEndpoints&)	24	static
Participant.cpp:187:6:void rtps::Participant::newMessage(const uint8_t*, rtps::DataSize_t)	0	static
