UdpConnection.h:37:9:rtps::UdpConnection::~UdpConnection()	8	static
UdpDriver.cpp:17:1:rtps::UdpDriver::UdpDriver(rtps::UdpDriver::udpRxFunc_fp, void*)	16	static
UdpDriver.cpp:22:28:const rtps::UdpConnection* rtps::UdpDriver::createUdpConnection(rtps::Ip4Port_t)	24	static
UdpDriver.cpp:55:6:static bool rtps::UdpDriver::isSameSubnet(ip4_addr_t)	0	static
UdpDriver.cpp:59:6:bool rtps::UdpDriver::joinMultiCastGroup(ip4_addr_t) const	24	static
UdpDriver.cpp:80:6:bool rtps::UdpDriver::sendPacket(const rtps::UdpConnection&, ip4_addr_t&, rtps::Ip4Port_t, pbuf&)	24	static
UdpDriver.cpp:96:6:void rtps::UdpDriver::sendPacket(rtps::PacketInfo&)	32	static
