SPDPAgent.cpp:62:6:static void rtps::SPDPAgent::runBroadcast(void*)	16	static
SPDPAgent.cpp:26:1:rtps::SPDPAgent::~SPDPAgent()	8	static
SPDPAgent.cpp:49:6:void rtps::SPDPAgent::start()	16	static
SPDPAgent.cpp:57:6:void rtps::SPDPAgent::stop()	0	static
SPDPAgent.cpp:113:6:void rtps::SPDPAgent::configureEndianessAndOptions(ucdrBuffer&)	24	static
SPDPAgent.cpp:155:6:bool rtps::SPDPAgent::addProxiesForBuiltInEndpoints()	136	static
SPDPAgent.cpp:126:6:void rtps::SPDPAgent::processProxyData()	16	static
SPDPAgent.cpp:72:6:static void rtps::SPDPAgent::receiveCallback(void*, const rtps::ReaderCacheChange&)	56	static
SPDPAgent.cpp:77:6:void rtps::SPDPAgent::handleSPDPPackage(const rtps::ReaderCacheChange&)	56	static
SPDPAgent.cpp:197:6:void rtps::SPDPAgent::addInlineQos()	16	static
SPDPAgent.cpp:207:6:void rtps::SPDPAgent::endCurrentList()	8	static
SPDPAgent.cpp:212:6:void rtps::SPDPAgent::addParticipantParameters()	104	static
SPDPAgent.cpp:32:6:void rtps::SPDPAgent::init(rtps::Participant&, rtps::BuiltInEndpoints&)	24	static
