igmp.c:295:1:igmp_remove_group	0	static
igmp.c:691:1:igmp_start_timer	16	static
igmp.c:712:1:igmp_delaying_member	8	static
igmp.c:740:1:igmp_ip_output_if	48	static
igmp.c:757:1:igmp_send	40	static
igmp.c:666:1:igmp_timeout	8	static
igmp.c:114:1:igmp_init	0	static
igmp.c:160:1:igmp_stop	16	static
igmp.c:192:1:igmp_report_groups	8	static
igmp.c:218:1:igmp_lookfor_group	0	static
igmp.c:244:1:igmp_lookup_group	24	static
igmp.c:128:1:igmp_start	8	static
igmp.c:323:1:igmp_input	32	static
igmp.c:486:1:igmp_joingroup_netif	16	static
igmp.c:449:1:igmp_joingroup	16	static
igmp.c:581:1:igmp_leavegroup_netif	16	static
igmp.c:545:1:igmp_leavegroup	24	static
igmp.c:639:1:igmp_tmr	16	static
