PBufWrapper.cpp:12:1:rtps::PBufWrapper::PBufWrapper(pbuf*)	0	static
PBufWrapper.cpp:54:6:void rtps::PBufWrapper::copySimpleMembersAndResetBuffer(const rtps::PBufWrapper&)	8	static
PBufWrapper.cpp:34:14:rtps::PBufWrapper& rtps::PBufWrapper::operator=(const rtps::PBufWrapper&)	16	static
PBufWrapper.cpp:25:1:rtps::PBufWrapper::PBufWrapper(const rtps::PBufWrapper&)	8	static
PBufWrapper.cpp:44:14:rtps::PBufWrapper& rtps::PBufWrapper::operator=(rtps::PBufWrapper&&)	16	static
PBufWrapper.cpp:30:1:rtps::PBufWrapper::PBufWrapper(rtps::PBufWrapper&&)	8	static
PBufWrapper.cpp:63:1:rtps::PBufWrapper::~PBufWrapper()	8	static
PBufWrapper.cpp:69:13:rtps::PBufWrapper rtps::PBufWrapper::deepCopy() const	16	static
PBufWrapper.cpp:87:6:bool rtps::PBufWrapper::isValid() const	0	static
PBufWrapper.cpp:16:1:rtps::PBufWrapper::PBufWrapper(rtps::DataSize_t)	16	static
PBufWrapper.cpp:91:18:rtps::DataSize_t rtps::PBufWrapper::spaceLeft() const	0	static
PBufWrapper.cpp:95:18:rtps::DataSize_t rtps::PBufWrapper::spaceUsed() const	0	static
PBufWrapper.cpp:103:6:bool rtps::PBufWrapper::append(const uint8_t*, rtps::DataSize_t)	24	static
PBufWrapper.cpp:117:6:void rtps::PBufWrapper::append(rtps::PBufWrapper&&)	8	static
PBufWrapper.cpp:143:6:void rtps::PBufWrapper::reset()	0	static
PBufWrapper.cpp:149:6:bool rtps::PBufWrapper::increaseSizeBy(uint16_t)	16	static
PBufWrapper.cpp:134:6:bool rtps::PBufWrapper::reserve(rtps::DataSize_t)	8	static
