event_groups.c:656:19:prvTestWaitCondition	0	static
event_groups.c:142:21:xEventGroupCreate	8	static
event_groups.c:296:13:xEventGroupWaitBits	32	static,ignoring_inline_asm
event_groups.c:446:13:xEventGroupClearBits	16	static,ignoring_inline_asm
event_groups.c:488:13:xEventGroupGetBitsFromISR	0	static,ignoring_inline_asm
event_groups.c:504:13:xEventGroupSetBits	24	static,ignoring_inline_asm
event_groups.c:176:13:xEventGroupSync	24	static,ignoring_inline_asm
event_groups.c:598:6:vEventGroupDelete	8	static,ignoring_inline_asm
event_groups.c:642:6:vEventGroupSetBitsCallback	8	static
event_groups.c:650:6:vEventGroupClearBitsCallback	8	static
event_groups.c:708:14:uxEventGroupGetNumber	0	static
event_groups.c:730:7:vEventGroupSetNumber	0	static
