tasks.c:1725:20:prvTaskIsTaskSuspended	0	static,ignoring_inline_asm
tasks.c:3622:18:prvTaskCheckFreeStackSpace	0	static
tasks.c:3724:13:prvResetNextTaskUnblockTime	0	static
tasks.c:3670:14:prvDeleteTCB	8	static
tasks.c:817:13:prvInitialiseNewTask	40	static
tasks.c:3430:13:prvInitialiseTaskLists	16	static
tasks.c:1021:13:prvAddNewTaskToReadyList	16	static,ignoring_inline_asm
tasks.c:3462:13:prvCheckTasksWaitingTermination	16	static
tasks.c:3218:8:prvIdleTask	8	static,ignoring_inline_asm
tasks.c:4906:13:prvAddCurrentTaskToDelayedList	16	static
tasks.c:726:13:xTaskCreate	48	static
tasks.c:1106:7:vTaskDelete	16	static,ignoring_inline_asm
tasks.c:1327:13:eTaskGetState	16	static,ignoring_inline_asm
tasks.c:1398:14:uxTaskPriorityGet	8	static
tasks.c:1420:14:uxTaskPriorityGetFromISR	8	static,ignoring_inline_asm
tasks.c:1460:7:vTaskPrioritySet	24	static,ignoring_inline_asm
tasks.c:1771:7:vTaskResume	16	static,ignoring_inline_asm
tasks.c:1825:13:xTaskResumeFromISR	24	static,ignoring_inline_asm
tasks.c:1895:6:vTaskStartScheduler	16	static,ignoring_inline_asm
tasks.c:2015:6:vTaskEndScheduler	8	static,ignoring_inline_asm
tasks.c:2026:6:vTaskSuspendAll	0	static
tasks.c:2209:12:xTaskGetTickCount	0	static
tasks.c:2224:12:xTaskGetTickCountFromISR	8	static
tasks.c:2255:13:uxTaskGetNumberOfTasks	0	static
tasks.c:2263:7:pcTaskGetName	0	static,ignoring_inline_asm
tasks.c:2583:12:xTaskIncrementTick	24	static,ignoring_inline_asm
tasks.c:2099:12:xTaskResumeAll	16	static,ignoring_inline_asm
tasks.c:1282:7:vTaskDelay	8	static,ignoring_inline_asm
tasks.c:2845:6:vTaskSwitchContext	8	static,ignoring_inline_asm
tasks.c:1624:7:vTaskSuspend	16	static,ignoring_inline_asm
tasks.c:2904:6:vTaskPlaceOnEventList	8	static,ignoring_inline_asm
tasks.c:2921:6:vTaskPlaceOnUnorderedEventList	8	static,ignoring_inline_asm
tasks.c:2978:12:xTaskRemoveFromEventList	16	static,ignoring_inline_asm
tasks.c:3046:6:vTaskRemoveFromUnorderedEventList	16	static,ignoring_inline_asm
tasks.c:3080:6:vTaskSetTimeOutState	8	static,ignoring_inline_asm
tasks.c:3092:6:vTaskInternalSetTimeOutState	0	static
tasks.c:3100:12:xTaskCheckForTimeOut	24	static,ignoring_inline_asm
tasks.c:3163:6:vTaskMissedYield	0	static
tasks.c:3171:14:uxTaskGetTaskNumber	0	static
tasks.c:3194:7:vTaskSetTaskNumber	0	static
tasks.c:3493:7:vTaskGetInfo	16	static
tasks.c:3589:21:prvListTasksWithinSingleList	32	static
tasks.c:2403:14:uxTaskGetSystemState	24	static
tasks.c:3642:14:uxTaskGetStackHighWaterMark	8	static
tasks.c:3750:15:xTaskGetCurrentTaskHandle	0	static
tasks.c:3767:13:xTaskGetSchedulerState	0	static
tasks.c:3795:13:xTaskPriorityInherit	16	static
tasks.c:3882:13:xTaskPriorityDisinherit	16	static,ignoring_inline_asm
tasks.c:3962:7:vTaskPriorityDisinheritAfterTimeout	16	static,ignoring_inline_asm
tasks.c:4376:12:uxTaskResetEventItemValue	0	static
tasks.c:4392:8:pvTaskIncrementMutexHeldCount	0	static
tasks.c:4409:11:ulTaskNotifyTake	16	static,ignoring_inline_asm
tasks.c:4477:13:xTaskNotifyWait	24	static,ignoring_inline_asm
tasks.c:4557:13:xTaskGenericNotify	24	static,ignoring_inline_asm
tasks.c:4663:13:xTaskGenericNotifyFromISR	32	static,ignoring_inline_asm
tasks.c:4787:7:vTaskNotifyGiveFromISR	24	static,ignoring_inline_asm
tasks.c:4876:13:xTaskNotifyStateClear	8	static
