common.c:28:6:ucdr_check_buffer	0	static
common.c:55:6:ucdr_init_buffer_offset_endian	0	static
common.c:50:6:ucdr_init_buffer_offset	16	static
common.c:45:6:ucdr_init_buffer	8	static
common.c:66:6:ucdr_copy_buffer	8	static
common.c:76:6:ucdr_reset_buffer_offset	0	static
common.c:71:6:ucdr_reset_buffer	8	static
common.c:95:10:ucdr_alignment	0	static
common.c:100:10:ucdr_buffer_alignment	0	static
common.c:83:6:ucdr_align_to	16	static
common.c:110:8:ucdr_buffer_size	0	static
common.c:115:8:ucdr_buffer_length	0	static
common.c:120:8:ucdr_buffer_remaining	0	static
common.c:125:16:ucdr_buffer_endianness	0	static
common.c:130:6:ucdr_buffer_has_error	0	static
