main.cpp:462:6:void setTrue(void*)	0	static
StatefulReader.tpp:52:6:void rtps::StatefulReaderT<NetworkDriver>::registerCallback(rtps::ddsReaderCallback_fp, void*) [with NetworkDriver = rtps::UdpDriver]	0	static
StatelessWriter.tpp:108:6:void rtps::StatelessWriterT<NetworkDriver>::onNewAckNack(const rtps::SubmessageAckNack&, const rtps::GuidPrefix_t&) [with NetworkDriver = rtps::UdpDriver]	0	static
StatefulWriter.tpp:66:6:bool rtps::StatefulWriterT<NetworkDriver>::addNewMatchedReader(const rtps::ReaderProxy&) [with NetworkDriver = rtps::UdpDriver]	24	static
StatefulReader.tpp:64:6:bool rtps::StatefulReaderT<NetworkDriver>::addNewMatchedWriter(const rtps::WriterProxy&) [with NetworkDriver = rtps::UdpDriver]	16	static
main.cpp:448:6:void receiveCallbackLatencyRTPS(void*, const rtps::ReaderCacheChange&)	16	static
StatefulWriter.tpp:33:1:rtps::StatefulWriterT<NetworkDriver>::~StatefulWriterT() [with NetworkDriver = rtps::UdpDriver]	16	static
StatelessWriter.tpp:27:1:rtps::StatelessWriterT<NetworkDriver>::~StatelessWriterT() [with NetworkDriver = rtps::UdpDriver]	16	static
StatefulReader.tpp:20:1:rtps::StatefulReaderT<NetworkDriver>::~StatefulReaderT() [with NetworkDriver = rtps::UdpDriver]	8	static
StatefulReader.tpp:20:1:rtps::StatefulReaderT<NetworkDriver>::~StatefulReaderT() [with NetworkDriver = rtps::UdpDriver]	8	static
StatefulWriter.tpp:133:6:void rtps::StatefulWriterT<NetworkDriver>::setAllChangesToUnsent() [with NetworkDriver = rtps::UdpDriver]	16	static
StatelessWriter.tpp:97:6:void rtps::StatelessWriterT<NetworkDriver>::setAllChangesToUnsent() [with NetworkDriver = rtps::UdpDriver]	16	static
StatefulWriter.tpp:87:26:const rtps::CacheChange* rtps::StatefulWriterT<NetworkDriver>::newChange(rtps::ChangeKind_t, const uint8_t*, rtps::DataSize_t) [with NetworkDriver = rtps::UdpDriver]	24	static
StatelessWriter.tpp:72:20:const rtps::CacheChange* rtps::StatelessWriterT<NetworkDriver>::newChange(rtps::ChangeKind_t, const uint8_t*, rtps::DataSize_t) [with NetworkDriver = rtps::UdpDriver]	24	static
StatelessWriter.tpp:52:6:bool rtps::StatelessWriterT<NetworkDriver>::addNewMatchedReader(const rtps::ReaderProxy&) [with NetworkDriver = rtps::UdpDriver]	24	static
StatelessWriter.tpp:27:1:rtps::StatelessWriterT<NetworkDriver>::~StatelessWriterT() [with NetworkDriver = rtps::UdpDriver]	16	static
StatefulWriter.tpp:33:1:rtps::StatefulWriterT<NetworkDriver>::~StatefulWriterT() [with NetworkDriver = rtps::UdpDriver]	16	static
StatefulReader.tpp:74:6:void rtps::StatefulReaderT<NetworkDriver>::removeWriter(const rtps::Guid&) [with NetworkDriver = rtps::UdpDriver]	48	static
StatefulWriter.tpp:76:6:void rtps::StatefulWriterT<NetworkDriver>::removeReader(const rtps::Guid&) [with NetworkDriver = rtps::UdpDriver]	48	static
StatelessWriter.tpp:62:6:void rtps::StatelessWriterT<NetworkDriver>::removeReader(const rtps::Guid&) [with NetworkDriver = rtps::UdpDriver]	48	static
MessageFactory.h:65:14:void rtps::MessageFactory::addSubMessageData(Buffer&, const Buffer&, bool, const rtps::SequenceNumber_t&, const rtps::EntityId_t&, const rtps::EntityId_t&) [with Buffer = rtps::PBufWrapper]	64	static
StatelessWriter.tpp:120:6:void rtps::StatelessWriterT<NetworkDriver>::progress() [with NetworkDriver = rtps::UdpDriver]	96	static
StatefulReader.tpp:35:6:void rtps::StatefulReaderT<NetworkDriver>::newChange(const rtps::ReaderCacheChange&) [with NetworkDriver = rtps::UdpDriver]	56	static
UdpConnection.h:37:9:rtps::UdpConnection::~UdpConnection()	8	static
main.cpp:469:23:void __tcf_0()	32	static
main.cpp:85:17:void prvGetRegistersFromStack(uint32_t*)	32	static
main.cpp:115:16:int __io_putchar(int)	16	static
main.cpp:122:6:void uart_print(char*)	8	static
main.cpp:128:8:void* operator new(size_t)	0	static
main.cpp:133:6:void operator delete(void*)	0	static
main.cpp:138:17:void vApplicationStackOverflowHook(TaskHandle_t, signed char*)	8	static
main.cpp:143:17:void vApplicationMallocFailedHook()	8	static
main.cpp:231:6:void SystemClock_Config()	248	static
main.cpp:154:5:int main()	72	static
main.cpp:466:6:void latencyTestRPTS()	40	static
main.cpp:535:6:void StartDefaultTask(const void*)	16	static
main.cpp:560:6:void HAL_TIM_PeriodElapsedCallback(TIM_HandleTypeDef*)	0	static
main.cpp:577:6:void Error_Handler()	0	static
StatefulWriter.tpp:215:6:bool rtps::StatefulWriterT<NetworkDriver>::sendData(const rtps::ReaderProxy&, const rtps::SequenceNumber_t&) [with NetworkDriver = rtps::UdpDriver]	88	static
StatefulWriter.tpp:144:6:void rtps::StatefulWriterT<NetworkDriver>::onNewAckNack(const rtps::SubmessageAckNack&, const rtps::GuidPrefix_t&) [with NetworkDriver = rtps::UdpDriver]	88	static
StatefulWriter.tpp:116:6:void rtps::StatefulWriterT<NetworkDriver>::progress() [with NetworkDriver = rtps::UdpDriver]	32	static
MessageTypes.h:269:10:bool rtps::serializeMessage(Buffer&, rtps::SubmessageAckNack&) [with Buffer = rtps::PBufWrapper]	16	static
StatefulReader.tpp:84:6:bool rtps::StatefulReaderT<NetworkDriver>::onNewHeartbeat(const rtps::SubmessageHeartbeat&, const rtps::GuidPrefix_t&) [with NetworkDriver = rtps::UdpDriver]	224	static
