SEDPAgent.cpp:33:6:void rtps::SEDPAgent::init(rtps::Participant&, const rtps::BuiltInEndpoints&)	16	static
SEDPAgent.cpp:53:6:void rtps::SEDPAgent::registerOnNewPublisherMatchedCallback(void (*)(void*), void*)	0	static
SEDPAgent.cpp:58:6:void rtps::SEDPAgent::registerOnNewSubscriberMatchedCallback(void (*)(void*), void*)	0	static
SEDPAgent.cpp:95:6:void rtps::SEDPAgent::onNewPublisher(const rtps::TopicData&)	80	static
SEDPAgent.cpp:74:6:void rtps::SEDPAgent::onNewPublisher(const rtps::ReaderCacheChange&)	136	static
SEDPAgent.cpp:64:6:static void rtps::SEDPAgent::receiveCallbackPublisher(void*, const rtps::ReaderCacheChange&)	8	static
SEDPAgent.cpp:147:6:void rtps::SEDPAgent::onNewSubscriber(const rtps::TopicData&)	112	static
SEDPAgent.cpp:126:6:void rtps::SEDPAgent::onNewSubscriber(const rtps::ReaderCacheChange&)	136	static
SEDPAgent.cpp:69:6:static void rtps::SEDPAgent::receiveCallbackSubscriber(void*, const rtps::ReaderCacheChange&)	8	static
SEDPAgent.cpp:178:6:void rtps::SEDPAgent::addWriter(rtps::Writer&)	48	static
SEDPAgent.cpp:201:6:void rtps::SEDPAgent::addReader(rtps::Reader&)	48	static
