ThreadPool.cpp:48:6:bool rtps::ThreadPool::startThreads()	32	static
ThreadPool.cpp:69:6:void rtps::ThreadPool::stopThreads()	8	static
ThreadSafeCircularBuffer.tpp:31:5:rtps::ThreadSafeCircularBuffer<T, SIZE>::~ThreadSafeCircularBuffer() [with T = rtps::Writer*; short unsigned int SIZE = 10]	8	static
ThreadSafeCircularBuffer.tpp:31:5:rtps::ThreadSafeCircularBuffer<T, SIZE>::~ThreadSafeCircularBuffer() [with T = rtps::PacketInfo; short unsigned int SIZE = 10]	16	static
ThreadPool.cpp:34:1:rtps::ThreadPool::~ThreadPool()	16	static
ThreadSafeCircularBuffer.tpp:12:10:bool rtps::ThreadSafeCircularBuffer<T, SIZE>::init() [with T = rtps::Writer*; short unsigned int SIZE = 10]	16	static
ThreadSafeCircularBuffer.tpp:12:10:bool rtps::ThreadSafeCircularBuffer<T, SIZE>::init() [with T = rtps::PacketInfo; short unsigned int SIZE = 10]	16	static
ThreadPool.cpp:19:1:rtps::ThreadPool::ThreadPool(rtps::ThreadPool::receiveJumppad_fp, void*)	24	static
ThreadSafeCircularBuffer.tpp:63:10:void rtps::ThreadSafeCircularBuffer<T, SIZE>::clear() [with T = rtps::Writer*; short unsigned int SIZE = 10]	16	static
ThreadSafeCircularBuffer.tpp:63:10:void rtps::ThreadSafeCircularBuffer<T, SIZE>::clear() [with T = rtps::PacketInfo; short unsigned int SIZE = 10]	16	static
ThreadPool.cpp:76:6:void rtps::ThreadPool::clearQueues()	8	static
ThreadSafeCircularBuffer.tpp:39:10:bool rtps::ThreadSafeCircularBuffer<T, SIZE>::moveElementIntoBuffer(T&&) [with T = rtps::Writer*; short unsigned int SIZE = 10]	16	static
ThreadPool.cpp:81:6:bool rtps::ThreadPool::addWorkload(rtps::Writer*)	24	static
ThreadSafeCircularBuffer.tpp:39:10:bool rtps::ThreadSafeCircularBuffer<T, SIZE>::moveElementIntoBuffer(T&&) [with T = rtps::PacketInfo; short unsigned int SIZE = 10]	24	static
ThreadPool.cpp:90:6:bool rtps::ThreadPool::addNewPacket(rtps::PacketInfo&&)	16	static
ThreadPool.cpp:123:6:static void rtps::ThreadPool::readCallback(void*, udp_pcb*, pbuf*, const ip_addr_t*, rtps::Ip4Port_t)	40	static
ThreadSafeCircularBuffer.tpp:51:10:bool rtps::ThreadSafeCircularBuffer<T, SIZE>::moveFirstInto(T&) [with T = rtps::Writer*; short unsigned int SIZE = 10]	16	static
ThreadPool.cpp:110:6:void rtps::ThreadPool::doWriterWork()	16	static
ThreadPool.cpp:98:6:static void rtps::ThreadPool::writerThreadFunction(void*)	8	static
ThreadSafeCircularBuffer.tpp:51:10:bool rtps::ThreadSafeCircularBuffer<T, SIZE>::moveFirstInto(T&) [with T = rtps::PacketInfo; short unsigned int SIZE = 10]	16	static
ThreadPool.cpp:149:6:void rtps::ThreadPool::doReaderWork()	32	static
ThreadPool.cpp:138:6:static void rtps::ThreadPool::readerThreadFunction(void*)	8	static
