sequence.c:37:6:ucdr_serialize_sequence_byte_1	16	static
sequence.c:43:6:ucdr_serialize_sequence_byte_2	24	static
sequence.c:49:6:ucdr_serialize_sequence_byte_4	24	static
sequence.c:55:6:ucdr_serialize_sequence_byte_8	24	static
sequence.c:61:6:ucdr_deserialize_sequence_byte_1	24	static
sequence.c:67:6:ucdr_deserialize_sequence_byte_2	24	static
sequence.c:73:6:ucdr_deserialize_sequence_byte_4	24	static
sequence.c:79:6:ucdr_deserialize_sequence_byte_8	24	static
sequence.c:89:6:ucdr_serialize_sequence_char	8	static
sequence.c:94:6:ucdr_serialize_sequence_bool	8	static
sequence.c:99:6:ucdr_serialize_sequence_uint8_t	8	static
sequence.c:104:6:ucdr_serialize_sequence_uint16_t	8	static
sequence.c:109:6:ucdr_serialize_sequence_uint32_t	8	static
sequence.c:114:6:ucdr_serialize_sequence_uint64_t	8	static
sequence.c:119:6:ucdr_serialize_sequence_int8_t	8	static
sequence.c:124:6:ucdr_serialize_sequence_int16_t	8	static
sequence.c:129:6:ucdr_serialize_sequence_int32_t	8	static
sequence.c:134:6:ucdr_serialize_sequence_int64_t	8	static
sequence.c:139:6:ucdr_serialize_sequence_float	8	static
sequence.c:144:6:ucdr_serialize_sequence_double	8	static
sequence.c:149:6:ucdr_deserialize_sequence_char	16	static
sequence.c:154:6:ucdr_deserialize_sequence_bool	16	static
sequence.c:159:6:ucdr_deserialize_sequence_uint8_t	16	static
sequence.c:164:6:ucdr_deserialize_sequence_uint16_t	16	static
sequence.c:169:6:ucdr_deserialize_sequence_uint32_t	16	static
sequence.c:174:6:ucdr_deserialize_sequence_uint64_t	16	static
sequence.c:179:6:ucdr_deserialize_sequence_int8_t	16	static
sequence.c:184:6:ucdr_deserialize_sequence_int16_t	16	static
sequence.c:189:6:ucdr_deserialize_sequence_int32_t	16	static
sequence.c:194:6:ucdr_deserialize_sequence_int64_t	16	static
sequence.c:199:6:ucdr_deserialize_sequence_float	16	static
sequence.c:204:6:ucdr_deserialize_sequence_double	16	static
sequence.c:209:6:ucdr_serialize_endian_sequence_char	8	static
sequence.c:214:6:ucdr_serialize_endian_sequence_bool	8	static
sequence.c:219:6:ucdr_serialize_endian_sequence_uint8_t	8	static
sequence.c:224:6:ucdr_serialize_endian_sequence_uint16_t	8	static
sequence.c:229:6:ucdr_serialize_endian_sequence_uint32_t	8	static
sequence.c:234:6:ucdr_serialize_endian_sequence_uint64_t	8	static
sequence.c:239:6:ucdr_serialize_endian_sequence_int8_t	8	static
sequence.c:244:6:ucdr_serialize_endian_sequence_int16_t	8	static
sequence.c:249:6:ucdr_serialize_endian_sequence_int32_t	8	static
sequence.c:254:6:ucdr_serialize_endian_sequence_int64_t	8	static
sequence.c:259:6:ucdr_serialize_endian_sequence_float	8	static
sequence.c:264:6:ucdr_serialize_endian_sequence_double	8	static
sequence.c:269:6:ucdr_deserialize_endian_sequence_char	16	static
sequence.c:274:6:ucdr_deserialize_endian_sequence_bool	16	static
sequence.c:279:6:ucdr_deserialize_endian_sequence_uint8_t	16	static
sequence.c:284:6:ucdr_deserialize_endian_sequence_uint16_t	16	static
sequence.c:289:6:ucdr_deserialize_endian_sequence_uint32_t	16	static
sequence.c:294:6:ucdr_deserialize_endian_sequence_uint64_t	16	static
sequence.c:299:6:ucdr_deserialize_endian_sequence_int8_t	16	static
sequence.c:304:6:ucdr_deserialize_endian_sequence_int16_t	16	static
sequence.c:309:6:ucdr_deserialize_endian_sequence_int32_t	16	static
sequence.c:314:6:ucdr_deserialize_endian_sequence_int64_t	16	static
sequence.c:319:6:ucdr_deserialize_endian_sequence_float	16	static
sequence.c:324:6:ucdr_deserialize_endian_sequence_double	16	static
