stm32f7xx_hal_eth.c:1838:13:ETH_MACDMAConfig	24	static
stm32f7xx_hal_eth.c:529:19:HAL_ETH_DMATxDescListInit	24	static
stm32f7xx_hal_eth.c:596:19:HAL_ETH_DMARxDescListInit	24	static
stm32f7xx_hal_eth.c:663:13:HAL_ETH_MspInit	0	static
stm32f7xx_hal_eth.c:208:19:HAL_ETH_Init	40	static
stm32f7xx_hal_eth.c:679:13:HAL_ETH_MspDeInit	0	static
stm32f7xx_hal_eth.c:493:19:HAL_ETH_DeInit	8	static
stm32f7xx_hal_eth.c:890:19:HAL_ETH_TransmitFrame	16	static
stm32f7xx_hal_eth.c:1003:19:HAL_ETH_GetReceivedFrame	12	static
stm32f7xx_hal_eth.c:1083:19:HAL_ETH_GetReceivedFrame_IT	12	static
stm32f7xx_hal_eth.c:1242:13:HAL_ETH_TxCpltCallback	0	static
stm32f7xx_hal_eth.c:1258:13:HAL_ETH_RxCpltCallback	0	static
stm32f7xx_hal_eth.c:1274:13:HAL_ETH_ErrorCallback	0	static
stm32f7xx_hal_eth.c:1168:6:HAL_ETH_IRQHandler	16	static
stm32f7xx_hal_eth.c:1296:19:HAL_ETH_ReadPHYRegister	16	static
stm32f7xx_hal_eth.c:1368:19:HAL_ETH_WritePHYRegister	16	static
stm32f7xx_hal_eth.c:1460:19:HAL_ETH_Start	40	static
stm32f7xx_hal_eth.c:1499:19:HAL_ETH_Stop	40	static
stm32f7xx_hal_eth.c:1539:19:HAL_ETH_ConfigMAC	24	static
stm32f7xx_hal_eth.c:1706:19:HAL_ETH_ConfigDMA	24	static
stm32f7xx_hal_eth.c:1813:22:HAL_ETH_GetState	0	static
