Archive member included to satisfy reference by file (symbol)

/Applications/STM32CubeIDE.app/Contents/Eclipse/plugins/com.st.stm32cube.ide.mcu.externaltools.gnu-tools-for-stm32.7-2018-q2-update.macos64_1.0.0.201904181610/tools/bin/../lib/gcc/arm-none-eabi/7.3.1/../../../../arm-none-eabi/lib/thumb/v7e-m/fpv5/hard/libc_nano.a(lib_a-atexit.o)
                              Src/main.o (atexit)
/Applications/STM32CubeIDE.app/Contents/Eclipse/plugins/com.st.stm32cube.ide.mcu.externaltools.gnu-tools-for-stm32.7-2018-q2-update.macos64_1.0.0.201904181610/tools/bin/../lib/gcc/arm-none-eabi/7.3.1/../../../../arm-none-eabi/lib/thumb/v7e-m/fpv5/hard/libc_nano.a(lib_a-errno.o)
                              Middlewares/Third_Party/LwIP/src/api/sockets.o (__errno)
/Applications/STM32CubeIDE.app/Contents/Eclipse/plugins/com.st.stm32cube.ide.mcu.externaltools.gnu-tools-for-stm32.7-2018-q2-update.macos64_1.0.0.201904181610/tools/bin/../lib/gcc/arm-none-eabi/7.3.1/../../../../arm-none-eabi/lib/thumb/v7e-m/fpv5/hard/libc_nano.a(lib_a-exit.o)
                              /Applications/STM32CubeIDE.app/Contents/Eclipse/plugins/com.st.stm32cube.ide.mcu.externaltools.gnu-tools-for-stm32.7-2018-q2-update.macos64_1.0.0.201904181610/tools/bin/../lib/gcc/arm-none-eabi/7.3.1/../../../../arm-none-eabi/lib/thumb/v7e-m/fpv5/hard/crt0.o (exit)
/Applications/STM32CubeIDE.app/Contents/Eclipse/plugins/com.st.stm32cube.ide.mcu.externaltools.gnu-tools-for-stm32.7-2018-q2-update.macos64_1.0.0.201904181610/tools/bin/../lib/gcc/arm-none-eabi/7.3.1/../../../../arm-none-eabi/lib/thumb/v7e-m/fpv5/hard/libc_nano.a(lib_a-impure.o)
                              /Applications/STM32CubeIDE.app/Contents/Eclipse/plugins/com.st.stm32cube.ide.mcu.externaltools.gnu-tools-for-stm32.7-2018-q2-update.macos64_1.0.0.201904181610/tools/bin/../lib/gcc/arm-none-eabi/7.3.1/../../../../arm-none-eabi/lib/thumb/v7e-m/fpv5/hard/libc_nano.a(lib_a-exit.o) (_global_impure_ptr)
/Applications/STM32CubeIDE.app/Contents/Eclipse/plugins/com.st.stm32cube.ide.mcu.externaltools.gnu-tools-for-stm32.7-2018-q2-update.macos64_1.0.0.201904181610/tools/bin/../lib/gcc/arm-none-eabi/7.3.1/../../../../arm-none-eabi/lib/thumb/v7e-m/fpv5/hard/libc_nano.a(lib_a-init.o)
                              /Applications/STM32CubeIDE.app/Contents/Eclipse/plugins/com.st.stm32cube.ide.mcu.externaltools.gnu-tools-for-stm32.7-2018-q2-update.macos64_1.0.0.201904181610/tools/bin/../lib/gcc/arm-none-eabi/7.3.1/../../../../arm-none-eabi/lib/thumb/v7e-m/fpv5/hard/crt0.o (__libc_init_array)
/Applications/STM32CubeIDE.app/Contents/Eclipse/plugins/com.st.stm32cube.ide.mcu.externaltools.gnu-tools-for-stm32.7-2018-q2-update.macos64_1.0.0.201904181610/tools/bin/../lib/gcc/arm-none-eabi/7.3.1/../../../../arm-none-eabi/lib/thumb/v7e-m/fpv5/hard/libc_nano.a(lib_a-memcmp.o)
                              Middlewares/Third_Party/LwIP/src/netif/ethernet.o (memcmp)
/Applications/STM32CubeIDE.app/Contents/Eclipse/plugins/com.st.stm32cube.ide.mcu.externaltools.gnu-tools-for-stm32.7-2018-q2-update.macos64_1.0.0.201904181610/tools/bin/../lib/gcc/arm-none-eabi/7.3.1/../../../../arm-none-eabi/lib/thumb/v7e-m/fpv5/hard/libc_nano.a(lib_a-memcpy-stub.o)
                              Middlewares/Third_Party/FreeRTOS/Source/queue.o (memcpy)
/Applications/STM32CubeIDE.app/Contents/Eclipse/plugins/com.st.stm32cube.ide.mcu.externaltools.gnu-tools-for-stm32.7-2018-q2-update.macos64_1.0.0.201904181610/tools/bin/../lib/gcc/arm-none-eabi/7.3.1/../../../../arm-none-eabi/lib/thumb/v7e-m/fpv5/hard/libc_nano.a(lib_a-memset.o)
                              /Applications/STM32CubeIDE.app/Contents/Eclipse/plugins/com.st.stm32cube.ide.mcu.externaltools.gnu-tools-for-stm32.7-2018-q2-update.macos64_1.0.0.201904181610/tools/bin/../lib/gcc/arm-none-eabi/7.3.1/../../../../arm-none-eabi/lib/thumb/v7e-m/fpv5/hard/crt0.o (memset)
/Applications/STM32CubeIDE.app/Contents/Eclipse/plugins/com.st.stm32cube.ide.mcu.externaltools.gnu-tools-for-stm32.7-2018-q2-update.macos64_1.0.0.201904181610/tools/bin/../lib/gcc/arm-none-eabi/7.3.1/../../../../arm-none-eabi/lib/thumb/v7e-m/fpv5/hard/libc_nano.a(lib_a-printf.o)
                              Middlewares/Third_Party/LwIP/src/api/api_lib.o (printf)
/Applications/STM32CubeIDE.app/Contents/Eclipse/plugins/com.st.stm32cube.ide.mcu.externaltools.gnu-tools-for-stm32.7-2018-q2-update.macos64_1.0.0.201904181610/tools/bin/../lib/gcc/arm-none-eabi/7.3.1/../../../../arm-none-eabi/lib/thumb/v7e-m/fpv5/hard/libc_nano.a(lib_a-rand.o)
                              Middlewares/Third_Party/LwIP/src/core/ipv4/igmp.o (rand)
/Applications/STM32CubeIDE.app/Contents/Eclipse/plugins/com.st.stm32cube.ide.mcu.externaltools.gnu-tools-for-stm32.7-2018-q2-update.macos64_1.0.0.201904181610/tools/bin/../lib/gcc/arm-none-eabi/7.3.1/../../../../arm-none-eabi/lib/thumb/v7e-m/fpv5/hard/libc_nano.a(lib_a-snprintf.o)
                              Src/main.o (snprintf)
[...]
Memory Configuration

Name             Origin             Length             Attributes
RAM              0x0000000020000000 0x0000000000080000 xrw
FLASH            0x0000000008000000 0x0000000000200000 xr
*default*        0x0000000000000000 0xffffffffffffffff

Linker script and memory map

LOAD /Applications/STM32CubeIDE.app/Contents/Eclipse/plugins/com.st.stm32cube.ide.mcu.externaltools.gnu-tools-for-stm32.7-2018-q2-update.macos64_1.0.0.201904181610/tools/bin/../lib/gcc/arm-none-eabi/7.3.1/thumb/v7e-m/fpv5/hard/crti.o
LOAD /Applications/STM32CubeIDE.app/Contents/Eclipse/plugins/com.st.stm32cube.ide.mcu.externaltools.gnu-tools-for-stm32.7-2018-q2-update.macos64_1.0.0.201904181610/tools/bin/../lib/gcc/arm-none-eabi/7.3.1/thumb/v7e-m/fpv5/hard/crtbegin.o
LOAD /Applications/STM32CubeIDE.app/Contents/Eclipse/plugins/com.st.stm32cube.ide.mcu.externaltools.gnu-tools-for-stm32.7-2018-q2-update.macos64_1.0.0.201904181610/tools/bin/../lib/gcc/arm-none-eabi/7.3.1/../../../../arm-none-eabi/lib/thumb/v7e-m/fpv5/hard/crt0.o
LOAD Drivers/STM32F7xx_HAL_Driver/Src/stm32f7xx_hal.o
LOAD Drivers/STM32F7xx_HAL_Driver/Src/stm32f7xx_hal_cortex.o
LOAD Drivers/STM32F7xx_HAL_Driver/Src/stm32f7xx_hal_dma.o
LOAD Drivers/STM32F7xx_HAL_Driver/Src/stm32f7xx_hal_dma_ex.o
LOAD Drivers/STM32F7xx_HAL_Driver/Src/stm32f7xx_hal_eth.o
LOAD Drivers/STM32F7xx_HAL_Driver/Src/stm32f7xx_hal_exti.o
LOAD Drivers/STM32F7xx_HAL_Driver/Src/stm32f7xx_hal_flash.o
LOAD Drivers/STM32F7xx_HAL_Driver/Src/stm32f7xx_hal_flash_ex.o
LOAD Drivers/STM32F7xx_HAL_Driver/Src/stm32f7xx_hal_gpio.o
LOAD Drivers/STM32F7xx_HAL_Driver/Src/stm32f7xx_hal_i2c.o
LOAD Drivers/STM32F7xx_HAL_Driver/Src/stm32f7xx_hal_i2c_ex.o
LOAD Drivers/STM32F7xx_HAL_Driver/Src/stm32f7xx_hal_pcd.o
LOAD Drivers/STM32F7xx_HAL_Driver/Src/stm32f7xx_hal_pcd_ex.o
LOAD Drivers/STM32F7xx_HAL_Driver/Src/stm32f7xx_hal_pwr.o
LOAD Drivers/STM32F7xx_HAL_Driver/Src/stm32f7xx_hal_pwr_ex.o
LOAD Drivers/STM32F7xx_HAL_Driver/Src/stm32f7xx_hal_rcc.o
LOAD Drivers/STM32F7xx_HAL_Driver/Src/stm32f7xx_hal_rcc_ex.o
LOAD Drivers/STM32F7xx_HAL_Driver/Src/stm32f7xx_hal_tim.o
LOAD Drivers/STM32F7xx_HAL_Driver/Src/stm32f7xx_hal_tim_ex.o
LOAD Drivers/STM32F7xx_HAL_Driver/Src/stm32f7xx_hal_uart.o
LOAD Drivers/STM32F7xx_HAL_Driver/Src/stm32f7xx_ll_usb.o
LOAD Middlewares/Third_Party/FreeRTOS/Source/CMSIS_RTOS/cmsis_os.o
LOAD Middlewares/Third_Party/FreeRTOS/Source/croutine.o
LOAD Middlewares/Third_Party/FreeRTOS/Source/event_groups.o
LOAD Middlewares/Third_Party/FreeRTOS/Source/list.o
LOAD Middlewares/Third_Party/FreeRTOS/Source/queue.o
LOAD Middlewares/Third_Party/FreeRTOS/Source/stream_buffer.o
LOAD Middlewares/Third_Party/FreeRTOS/Source/tasks.o
LOAD Middlewares/Third_Party/FreeRTOS/Source/timers.o
LOAD Middlewares/Third_Party/FreeRTOS/Source/portable/GCC/ARM_CM7/r0p1/port.o
LOAD Middlewares/Third_Party/FreeRTOS/Source/portable/MemMang/heap_4.o
LOAD Middlewares/Third_Party/LwIP/src/api/api_lib.o
LOAD Middlewares/Third_Party/LwIP/src/api/api_msg.o
LOAD Middlewares/Third_Party/LwIP/src/api/err.o
LOAD Middlewares/Third_Party/LwIP/src/api/netbuf.o
LOAD Middlewares/Third_Party/LwIP/src/api/netdb.o
LOAD Middlewares/Third_Party/LwIP/src/api/netifapi.o
LOAD Middlewares/Third_Party/LwIP/src/api/sockets.o
LOAD Middlewares/Third_Party/LwIP/src/api/tcpip.o
LOAD Middlewares/Third_Party/LwIP/src/apps/mqtt/mqtt.o
LOAD Middlewares/Third_Party/LwIP/src/core/def.o
LOAD Middlewares/Third_Party/LwIP/src/core/dns.o
LOAD Middlewares/Third_Party/LwIP/src/core/inet_chksum.o
LOAD Middlewares/Third_Party/LwIP/src/core/init.o
LOAD Middlewares/Third_Party/LwIP/src/core/ip.o
LOAD Middlewares/Third_Party/LwIP/src/core/mem.o
LOAD Middlewares/Third_Party/LwIP/src/core/memp.o
LOAD Middlewares/Third_Party/LwIP/src/core/netif.o
LOAD Middlewares/Third_Party/LwIP/src/core/pbuf.o
LOAD Middlewares/Third_Party/LwIP/src/core/raw.o
LOAD Middlewares/Third_Party/LwIP/src/core/stats.o
LOAD Middlewares/Third_Party/LwIP/src/core/sys.o
LOAD Middlewares/Third_Party/LwIP/src/core/tcp.o
LOAD Middlewares/Third_Party/LwIP/src/core/tcp_in.o
LOAD Middlewares/Third_Party/LwIP/src/core/tcp_out.o
LOAD Middlewares/Third_Party/LwIP/src/core/timeouts.o
LOAD Middlewares/Third_Party/LwIP/src/core/udp.o
LOAD Middlewares/Third_Party/LwIP/src/core/ipv4/autoip.o
LOAD Middlewares/Third_Party/LwIP/src/core/ipv4/dhcp.o
LOAD Middlewares/Third_Party/LwIP/src/core/ipv4/etharp.o
LOAD Middlewares/Third_Party/LwIP/src/core/ipv4/icmp.o
LOAD Middlewares/Third_Party/LwIP/src/core/ipv4/igmp.o
LOAD Middlewares/Third_Party/LwIP/src/core/ipv4/ip4.o
LOAD Middlewares/Third_Party/LwIP/src/core/ipv4/ip4_addr.o
LOAD Middlewares/Third_Party/LwIP/src/core/ipv4/ip4_frag.o
LOAD Middlewares/Third_Party/LwIP/src/core/ipv6/dhcp6.o
LOAD Middlewares/Third_Party/LwIP/src/core/ipv6/ethip6.o
LOAD Middlewares/Third_Party/LwIP/src/core/ipv6/icmp6.o
LOAD Middlewares/Third_Party/LwIP/src/core/ipv6/inet6.o
LOAD Middlewares/Third_Party/LwIP/src/core/ipv6/ip6.o
LOAD Middlewares/Third_Party/LwIP/src/core/ipv6/ip6_addr.o
LOAD Middlewares/Third_Party/LwIP/src/core/ipv6/ip6_frag.o
LOAD Middlewares/Third_Party/LwIP/src/core/ipv6/mld6.o
LOAD Middlewares/Third_Party/LwIP/src/core/ipv6/nd6.o
LOAD Middlewares/Third_Party/LwIP/src/netif/ethernet.o
LOAD Middlewares/Third_Party/LwIP/src/netif/lowpan6.o
LOAD Middlewares/Third_Party/LwIP/src/netif/slipif.o
LOAD Middlewares/Third_Party/LwIP/src/netif/ppp/auth.o
LOAD Middlewares/Third_Party/LwIP/src/netif/ppp/ccp.o
LOAD Middlewares/Third_Party/LwIP/src/netif/ppp/chap-md5.o
LOAD Middlewares/Third_Party/LwIP/src/netif/ppp/chap-new.o
LOAD Middlewares/Third_Party/LwIP/src/netif/ppp/chap_ms.o
LOAD Middlewares/Third_Party/LwIP/src/netif/ppp/demand.o
LOAD Middlewares/Third_Party/LwIP/src/netif/ppp/eap.o
LOAD Middlewares/Third_Party/LwIP/src/netif/ppp/ecp.o
LOAD Middlewares/Third_Party/LwIP/src/netif/ppp/eui64.o
LOAD Middlewares/Third_Party/LwIP/src/netif/ppp/fsm.o
LOAD Middlewares/Third_Party/LwIP/src/netif/ppp/ipcp.o
LOAD Middlewares/Third_Party/LwIP/src/netif/ppp/ipv6cp.o
LOAD Middlewares/Third_Party/LwIP/src/netif/ppp/lcp.o
LOAD Middlewares/Third_Party/LwIP/src/netif/ppp/magic.o
LOAD Middlewares/Third_Party/LwIP/src/netif/ppp/mppe.o
LOAD Middlewares/Third_Party/LwIP/src/netif/ppp/multilink.o
LOAD Middlewares/Third_Party/LwIP/src/netif/ppp/ppp.o
LOAD Middlewares/Third_Party/LwIP/src/netif/ppp/pppapi.o
LOAD Middlewares/Third_Party/LwIP/src/netif/ppp/pppcrypt.o
LOAD Middlewares/Third_Party/LwIP/src/netif/ppp/pppoe.o
LOAD Middlewares/Third_Party/LwIP/src/netif/ppp/pppol2tp.o
LOAD Middlewares/Third_Party/LwIP/src/netif/ppp/pppos.o
LOAD Middlewares/Third_Party/LwIP/src/netif/ppp/upap.o
LOAD Middlewares/Third_Party/LwIP/src/netif/ppp/utils.o
LOAD Middlewares/Third_Party/LwIP/src/netif/ppp/vj.o
LOAD Middlewares/Third_Party/LwIP/system/OS/sys_arch.o
LOAD Src/ethernetif.o
LOAD Src/freertos.o
LOAD Src/lwip.o
LOAD Src/main.o
LOAD Src/stm32f7xx_hal_msp.o
LOAD Src/stm32f7xx_hal_timebase_tim.o
LOAD Src/stm32f7xx_it.o
LOAD Src/syscalls.o
LOAD Src/system_stm32f7xx.o
LOAD rtps/src/ThreadPool.o
LOAD rtps/src/rtps.o
LOAD rtps/src/communication/UdpDriver.o
LOAD rtps/src/discovery/ParticipantProxyData.o
LOAD rtps/src/discovery/SEDPAgent.o
LOAD rtps/src/discovery/SPDPAgent.o
LOAD rtps/src/discovery/TopicData.o
LOAD rtps/src/entities/Domain.o
LOAD rtps/src/entities/Participant.o
LOAD rtps/src/entities/StatelessReader.o
LOAD rtps/src/messages/MessageReceiver.o
LOAD rtps/src/messages/MessageTypes.o
LOAD rtps/src/storages/HistoryCache.o
LOAD rtps/src/storages/PBufWrapper.o
LOAD rtps/src/storages/SimpleHistoryCache.o
LOAD rtps/thirdparty/Micro-CDR/src/c/common.o
LOAD rtps/thirdparty/Micro-CDR/src/c/types/array.o
LOAD rtps/thirdparty/Micro-CDR/src/c/types/basic.o
LOAD rtps/thirdparty/Micro-CDR/src/c/types/sequence.o
LOAD rtps/thirdparty/Micro-CDR/src/c/types/string.o
LOAD startup/startup_stm32f767xx.o
START GROUP
LOAD /Applications/STM32CubeIDE.app/Contents/Eclipse/plugins/com.st.stm32cube.ide.mcu.externaltools.gnu-tools-for-stm32.7-2018-q2-update.macos64_1.0.0.201904181610/tools/bin/../lib/gcc/arm-none-eabi/7.3.1/../../../../arm-none-eabi/lib/thumb/v7e-m/fpv5/hard/libstdc++_nano.a
LOAD /Applications/STM32CubeIDE.app/Contents/Eclipse/plugins/com.st.stm32cube.ide.mcu.externaltools.gnu-tools-for-stm32.7-2018-q2-update.macos64_1.0.0.201904181610/tools/bin/../lib/gcc/arm-none-eabi/7.3.1/../../../../arm-none-eabi/lib/thumb/v7e-m/fpv5/hard/libsupc++_nano.a
END GROUP
LOAD /Applications/STM32CubeIDE.app/Contents/Eclipse/plugins/com.st.stm32cube.ide.mcu.externaltools.gnu-tools-for-stm32.7-2018-q2-update.macos64_1.0.0.201904181610/tools/bin/../lib/gcc/arm-none-eabi/7.3.1/../../../../arm-none-eabi/lib/thumb/v7e-m/fpv5/hard/libstdc++_nano.a
LOAD /Applications/STM32CubeIDE.app/Contents/Eclipse/plugins/com.st.stm32cube.ide.mcu.externaltools.gnu-tools-for-stm32.7-2018-q2-update.macos64_1.0.0.201904181610/tools/bin/../lib/gcc/arm-none-eabi/7.3.1/../../../../arm-none-eabi/lib/thumb/v7e-m/fpv5/hard/libm.a
LOAD /Applications/STM32CubeIDE.app/Contents/Eclipse/plugins/com.st.stm32cube.ide.mcu.externaltools.gnu-tools-for-stm32.7-2018-q2-update.macos64_1.0.0.201904181610/tools/bin/../lib/gcc/arm-none-eabi/7.3.1/../../../../arm-none-eabi/lib/thumb/v7e-m/fpv5/hard/libc_nano.a
START GROUP
LOAD /Applications/STM32CubeIDE.app/Contents/Eclipse/plugins/com.st.stm32cube.ide.mcu.externaltools.gnu-tools-for-stm32.7-2018-q2-update.macos64_1.0.0.201904181610/tools/bin/../lib/gcc/arm-none-eabi/7.3.1/thumb/v7e-m/fpv5/hard/libgcc.a
LOAD /Applications/STM32CubeIDE.app/Contents/Eclipse/plugins/com.st.stm32cube.ide.mcu.externaltools.gnu-tools-for-stm32.7-2018-q2-update.macos64_1.0.0.201904181610/tools/bin/../lib/gcc/arm-none-eabi/7.3.1/../../../../arm-none-eabi/lib/thumb/v7e-m/fpv5/hard/libc_nano.a
END GROUP
START GROUP
LOAD /Applications/STM32CubeIDE.app/Contents/Eclipse/plugins/com.st.stm32cube.ide.mcu.externaltools.gnu-tools-for-stm32.7-2018-q2-update.macos64_1.0.0.201904181610/tools/bin/../lib/gcc/arm-none-eabi/7.3.1/thumb/v7e-m/fpv5/hard/libgcc.a
LOAD /Applications/STM32CubeIDE.app/Contents/Eclipse/plugins/com.st.stm32cube.ide.mcu.externaltools.gnu-tools-for-stm32.7-2018-q2-update.macos64_1.0.0.201904181610/tools/bin/../lib/gcc/arm-none-eabi/7.3.1/../../../../arm-none-eabi/lib/thumb/v7e-m/fpv5/hard/libc_nano.a
LOAD /Applications/STM32CubeIDE.app/Contents/Eclipse/plugins/com.st.stm32cube.ide.mcu.externaltools.gnu-tools-for-stm32.7-2018-q2-update.macos64_1.0.0.201904181610/tools/bin/../lib/gcc/arm-none-eabi/7.3.1/../../../../arm-none-eabi/lib/thumb/v7e-m/fpv5/hard/libnosys.a
END GROUP
START GROUP
LOAD /Applications/STM32CubeIDE.app/Contents/Eclipse/plugins/com.st.stm32cube.ide.mcu.externaltools.gnu-tools-for-stm32.7-2018-q2-update.macos64_1.0.0.201904181610/tools/bin/../lib/gcc/arm-none-eabi/7.3.1/thumb/v7e-m/fpv5/hard/libgcc.a
LOAD /Applications/STM32CubeIDE.app/Contents/Eclipse/plugins/com.st.stm32cube.ide.mcu.externaltools.gnu-tools-for-stm32.7-2018-q2-update.macos64_1.0.0.201904181610/tools/bin/../lib/gcc/arm-none-eabi/7.3.1/../../../../arm-none-eabi/lib/thumb/v7e-m/fpv5/hard/libc_nano.a
LOAD /Applications/STM32CubeIDE.app/Contents/Eclipse/plugins/com.st.stm32cube.ide.mcu.externaltools.gnu-tools-for-stm32.7-2018-q2-update.macos64_1.0.0.201904181610/tools/bin/../lib/gcc/arm-none-eabi/7.3.1/../../../../arm-none-eabi/lib/thumb/v7e-m/fpv5/hard/libnosys.a
END GROUP
LOAD /Applications/STM32CubeIDE.app/Contents/Eclipse/plugins/com.st.stm32cube.ide.mcu.externaltools.gnu-tools-for-stm32.7-2018-q2-update.macos64_1.0.0.201904181610/tools/bin/../lib/gcc/arm-none-eabi/7.3.1/thumb/v7e-m/fpv5/hard/crtend.o
LOAD /Applications/STM32CubeIDE.app/Contents/Eclipse/plugins/com.st.stm32cube.ide.mcu.externaltools.gnu-tools-for-stm32.7-2018-q2-update.macos64_1.0.0.201904181610/tools/bin/../lib/gcc/arm-none-eabi/7.3.1/thumb/v7e-m/fpv5/hard/crtn.o
                0x0000000020080000                _estack = 0x20080000
                0x0000000000000200                _Min_Heap_Size = 0x200
                0x0000000000000400                _Min_Stack_Size = 0x400

.isr_vector     0x0000000008000000      0x1f8
                0x0000000008000000                . = ALIGN (0x4)
 *(.isr_vector)
 .isr_vector    0x0000000008000000      0x1f8 startup/startup_stm32f767xx.o
                0x0000000008000000                g_pfnVectors
                0x00000000080001f8                . = ALIGN (0x4)

.text           0x0000000008000200    0x10a34
                0x0000000008000200                . = ALIGN (0x4)
 *(.text)
 .text          0x0000000008000200       0x40 /Applications/STM32CubeIDE.app/Contents/Eclipse/plugins/com.st.stm32cube.ide.mcu.externaltools.gnu-tools-for-stm32.7-2018-q2-update.macos64_1.0.0.201904181610/tools/bin/../lib/gcc/arm-none-eabi/7.3.1/thumb/v7e-m/fpv5/hard/crtbegin.o
 .text          0x0000000008000240       0x14 /Applications/STM32CubeIDE.app/Contents/Eclipse/plugins/com.st.stm32cube.ide.mcu.externaltools.gnu-tools-for-stm32.7-2018-q2-update.macos64_1.0.0.201904181610/tools/bin/../lib/gcc/arm-none-eabi/7.3.1/../../../../arm-none-eabi/lib/thumb/v7e-m/fpv5/hard/libc_nano.a(lib_a-strcmp.o)
                0x0000000008000240                strcmp
 .text          0x0000000008000254       0x10 /Applications/STM32CubeIDE.app/Contents/Eclipse/plugins/com.st.stm32cube.ide.mcu.externaltools.gnu-tools-for-stm32.7-2018-q2-update.macos64_1.0.0.201904181610/tools/bin/../lib/gcc/arm-none-eabi/7.3.1/../../../../arm-none-eabi/lib/thumb/v7e-m/fpv5/hard/libc_nano.a(lib_a-strlen.o)
                0x0000000008000254                strlen
 *fill*         0x0000000008000264        0xc 
 .text          0x0000000008000270       0xa0 /Applications/STM32CubeIDE.app/Contents/Eclipse/plugins/com.st.stm32cube.ide.mcu.externaltools.gnu-tools-for-stm32.7-2018-q2-update.macos64_1.0.0.201904181610/tools/bin/../lib/gcc/arm-none-eabi/7.3.1/../../../../arm-none-eabi/lib/thumb/v7e-m/fpv5/hard/libc_nano.a(lib_a-memchr.o)
                0x0000000008000270                memchr
 .text          0x0000000008000310       0x30 /Applications/STM32CubeIDE.app/Contents/Eclipse/plugins/com.st.stm32cube.ide.mcu.externaltools.gnu-tools-for-stm32.7-2018-q2-update.macos64_1.0.0.201904181610/tools/bin/../lib/gcc/arm-none-eabi/7.3.1/thumb/v7e-m/fpv5/hard/libgcc.a(_aeabi_uldivmod.o)
                0x0000000008000310                __aeabi_uldivmod
 .text          0x0000000008000340      0x2cc /Applications/STM32CubeIDE.app/Contents/Eclipse/plugins/com.st.stm32cube.ide.mcu.externaltools.gnu-tools-for-stm32.7-2018-q2-update.macos64_1.0.0.201904181610/tools/bin/../lib/gcc/arm-none-eabi/7.3.1/thumb/v7e-m/fpv5/hard/libgcc.a(_udivmoddi4.o)
                0x0000000008000340                __udivmoddi4
 .text          0x000000000800060c        0x4 /Applications/STM32CubeIDE.app/Contents/Eclipse/plugins/com.st.stm32cube.ide.mcu.externaltools.gnu-tools-for-stm32.7-2018-q2-update.macos64_1.0.0.201904181610/tools/bin/../lib/gcc/arm-none-eabi/7.3.1/thumb/v7e-m/fpv5/hard/libgcc.a(_dvmd_tls.o)
                0x000000000800060c                __aeabi_ldiv0
                0x000000000800060c                __aeabi_idiv0
 *(.text*)
 .text.HAL_Init
                0x0000000008000610       0x18 Drivers/STM32F7xx_HAL_Driver/Src/stm32f7xx_hal.o
                0x0000000008000610                HAL_Init
 .text.HAL_IncTick
                0x0000000008000628       0x18 Drivers/STM32F7xx_HAL_Driver/Src/stm32f7xx_hal.o
                0x0000000008000628                HAL_IncTick
 .text.HAL_GetTick
                0x0000000008000640        0xc Drivers/STM32F7xx_HAL_Driver/Src/stm32f7xx_hal.o
                0x0000000008000640                HAL_GetTick
 .text.HAL_Delay
                0x000000000800064c       0x24 Drivers/STM32F7xx_HAL_Driver/Src/stm32f7xx_hal.o
                0x000000000800064c                HAL_Delay
 .text.HAL_NVIC_SetPriorityGrouping
                0x0000000008000670       0x28 Drivers/STM32F7xx_HAL_Driver/Src/stm32f7xx_hal_cortex.o
                0x0000000008000670                HAL_NVIC_SetPriorityGrouping
 .text.HAL_NVIC_SetPriority
                0x0000000008000698       0x6c Drivers/STM32F7xx_HAL_Driver/Src/stm32f7xx_hal_cortex.o
                0x0000000008000698                HAL_NVIC_SetPriority
 .text.HAL_NVIC_EnableIRQ
                0x0000000008000704       0x1c Drivers/STM32F7xx_HAL_Driver/Src/stm32f7xx_hal_cortex.o
                0x0000000008000704                HAL_NVIC_EnableIRQ
 .text.ETH_MACDMAConfig
                0x0000000008000720      0x100 Drivers/STM32F7xx_HAL_Driver/Src/stm32f7xx_hal_eth.o
 .text.HAL_ETH_DMATxDescListInit
                0x0000000008000820      0x10c Drivers/STM32F7xx_HAL_Driver/Src/stm32f7xx_hal_eth.o
                0x0000000008000820                HAL_ETH_DMATxDescListInit
 .text.HAL_ETH_DMARxDescListInit
                0x000000000800092c       0xa8 Drivers/STM32F7xx_HAL_Driver/Src/stm32f7xx_hal_eth.o
                0x000000000800092c                HAL_ETH_DMARxDescListInit
 .text.HAL_ETH_Init
                0x00000000080009d4      0x3a0 Drivers/STM32F7xx_HAL_Driver/Src/stm32f7xx_hal_eth.o
                0x00000000080009d4                HAL_ETH_Init
 .text.HAL_ETH_TransmitFrame
                0x0000000008000d74       0xfc Drivers/STM32F7xx_HAL_Driver/Src/stm32f7xx_hal_eth.o
                0x0000000008000d74                HAL_ETH_TransmitFrame
 .text.HAL_ETH_GetReceivedFrame_IT
                0x0000000008000e70       0xa4 Drivers/STM32F7xx_HAL_Driver/Src/stm32f7xx_hal_eth.o
                0x0000000008000e70                HAL_ETH_GetReceivedFrame_IT
 .text.HAL_ETH_TxCpltCallback
                0x0000000008000f14        0x4 Drivers/STM32F7xx_HAL_Driver/Src/stm32f7xx_hal_eth.o
                0x0000000008000f14                HAL_ETH_TxCpltCallback
 .text.HAL_ETH_ErrorCallback
                0x0000000008000f18        0x4 Drivers/STM32F7xx_HAL_Driver/Src/stm32f7xx_hal_eth.o
                0x0000000008000f18                HAL_ETH_ErrorCallback
 .text.HAL_ETH_IRQHandler
                0x0000000008000f1c       0x74 Drivers/STM32F7xx_HAL_Driver/Src/stm32f7xx_hal_eth.o
                0x0000000008000f1c                HAL_ETH_IRQHandler
 .text.HAL_ETH_ReadPHYRegister
                0x0000000008000f90       0x74 Drivers/STM32F7xx_HAL_Driver/Src/stm32f7xx_hal_eth.o
                0x0000000008000f90                HAL_ETH_ReadPHYRegister
 .text.HAL_ETH_WritePHYRegister
                0x0000000008001004       0x70 Drivers/STM32F7xx_HAL_Driver/Src/stm32f7xx_hal_eth.o
                0x0000000008001004                HAL_ETH_WritePHYRegister
 .text.HAL_ETH_Start
                0x0000000008001074       0x94 Drivers/STM32F7xx_HAL_Driver/Src/stm32f7xx_hal_eth.o
                0x0000000008001074                HAL_ETH_Start
 .text.HAL_GPIO_Init
                0x0000000008001108      0x23c Drivers/STM32F7xx_HAL_Driver/Src/stm32f7xx_hal_gpio.o
                0x0000000008001108                HAL_GPIO_Init
 .text.HAL_GPIO_WritePin
                0x0000000008001344        0x8 Drivers/STM32F7xx_HAL_Driver/Src/stm32f7xx_hal_gpio.o
                0x0000000008001344                HAL_GPIO_WritePin
 .text.HAL_PCD_Init
                0x000000000800134c      0x124 Drivers/STM32F7xx_HAL_Driver/Src/stm32f7xx_hal_pcd.o
                0x000000000800134c                HAL_PCD_Init
 .text.HAL_PCDEx_ActivateLPM
                0x0000000008001470       0x2c Drivers/STM32F7xx_HAL_Driver/Src/stm32f7xx_hal_pcd_ex.o
                0x0000000008001470                HAL_PCDEx_ActivateLPM
 .text.HAL_PWR_EnableBkUpAccess
                0x000000000800149c       0x10 Drivers/STM32F7xx_HAL_Driver/Src/stm32f7xx_hal_pwr.o
                0x000000000800149c                HAL_PWR_EnableBkUpAccess
 .text.HAL_PWREx_EnableOverDrive
                0x00000000080014ac       0x78 Drivers/STM32F7xx_HAL_Driver/Src/stm32f7xx_hal_pwr_ex.o
                0x00000000080014ac                HAL_PWREx_EnableOverDrive
 .text.HAL_RCC_OscConfig
                0x0000000008001524      0x39c Drivers/STM32F7xx_HAL_Driver/Src/stm32f7xx_hal_rcc.o
                0x0000000008001524                HAL_RCC_OscConfig
 .text.HAL_RCC_ClockConfig
                0x00000000080018c0      0x194 Drivers/STM32F7xx_HAL_Driver/Src/stm32f7xx_hal_rcc.o
                0x00000000080018c0                HAL_RCC_ClockConfig
 .text.HAL_RCC_GetSysClockFreq
                0x0000000008001a54       0x68 Drivers/STM32F7xx_HAL_Driver/Src/stm32f7xx_hal_rcc.o
                0x0000000008001a54                HAL_RCC_GetSysClockFreq
 .text.HAL_RCC_GetHCLKFreq
                0x0000000008001abc        0xc Drivers/STM32F7xx_HAL_Driver/Src/stm32f7xx_hal_rcc.o
                0x0000000008001abc                HAL_RCC_GetHCLKFreq
 .text.HAL_RCC_GetPCLK1Freq
                0x0000000008001ac8       0x20 Drivers/STM32F7xx_HAL_Driver/Src/stm32f7xx_hal_rcc.o
                0x0000000008001ac8                HAL_RCC_GetPCLK1Freq
 .text.HAL_RCC_GetPCLK2Freq
                0x0000000008001ae8       0x20 Drivers/STM32F7xx_HAL_Driver/Src/stm32f7xx_hal_rcc.o
                0x0000000008001ae8                HAL_RCC_GetPCLK2Freq
 .text.HAL_RCC_GetClockConfig
                0x0000000008001b08       0x44 Drivers/STM32F7xx_HAL_Driver/Src/stm32f7xx_hal_rcc.o
                0x0000000008001b08                HAL_RCC_GetClockConfig
 .text.HAL_RCCEx_PeriphCLKConfig
                0x0000000008001b4c      0x588 Drivers/STM32F7xx_HAL_Driver/Src/stm32f7xx_hal_rcc_ex.o
                0x0000000008001b4c                HAL_RCCEx_PeriphCLKConfig
 .text.HAL_TIM_Base_MspInit
                0x00000000080020d4        0x4 Drivers/STM32F7xx_HAL_Driver/Src/stm32f7xx_hal_tim.o
                0x00000000080020d4                HAL_TIM_Base_MspInit
 .text.HAL_TIM_Base_Init
                0x00000000080020d8      0x108 Drivers/STM32F7xx_HAL_Driver/Src/stm32f7xx_hal_tim.o
                0x00000000080020d8                HAL_TIM_Base_Init
 .text.HAL_TIM_Base_Start_IT
                0x00000000080021e0       0x2c Drivers/STM32F7xx_HAL_Driver/Src/stm32f7xx_hal_tim.o
                0x00000000080021e0                HAL_TIM_Base_Start_IT
 .text.HAL_TIM_OC_DelayElapsedCallback
                0x000000000800220c        0x4 Drivers/STM32F7xx_HAL_Driver/Src/stm32f7xx_hal_tim.o
                0x000000000800220c                HAL_TIM_OC_DelayElapsedCallback
 .text.HAL_TIM_IC_CaptureCallback
                0x0000000008002210        0x4 Drivers/STM32F7xx_HAL_Driver/Src/stm32f7xx_hal_tim.o
                0x0000000008002210                HAL_TIM_IC_CaptureCallback
 .text.HAL_TIM_PWM_PulseFinishedCallback
                0x0000000008002214        0x4 Drivers/STM32F7xx_HAL_Driver/Src/stm32f7xx_hal_tim.o
                0x0000000008002214                HAL_TIM_PWM_PulseFinishedCallback
 .text.HAL_TIM_TriggerCallback
                0x0000000008002218        0x4 Drivers/STM32F7xx_HAL_Driver/Src/stm32f7xx_hal_tim.o
                0x0000000008002218                HAL_TIM_TriggerCallback
 .text.HAL_TIM_IRQHandler
                0x000000000800221c      0x170 Drivers/STM32F7xx_HAL_Driver/Src/stm32f7xx_hal_tim.o
                0x000000000800221c                HAL_TIM_IRQHandler
 .text.HAL_TIMEx_CommutCallback
                0x000000000800238c        0x4 Drivers/STM32F7xx_HAL_Driver/Src/stm32f7xx_hal_tim_ex.o
                0x000000000800238c                HAL_TIMEx_CommutCallback
 .text.HAL_TIMEx_BreakCallback
                0x0000000008002390        0x4 Drivers/STM32F7xx_HAL_Driver/Src/stm32f7xx_hal_tim_ex.o
                0x0000000008002390                HAL_TIMEx_BreakCallback
 .text.HAL_TIMEx_Break2Callback
                0x0000000008002394        0x4 Drivers/STM32F7xx_HAL_Driver/Src/stm32f7xx_hal_tim_ex.o
                0x0000000008002394                HAL_TIMEx_Break2Callback
 .text.HAL_UART_Transmit
                0x0000000008002398      0x118 Drivers/STM32F7xx_HAL_Driver/Src/stm32f7xx_hal_uart.o
                0x0000000008002398                HAL_UART_Transmit
 .text.UART_AdvFeatureConfig
                0x00000000080024b0       0xb0 Drivers/STM32F7xx_HAL_Driver/Src/stm32f7xx_hal_uart.o
                0x00000000080024b0                UART_AdvFeatureConfig
 .text.HAL_UART_Init
                0x0000000008002560      0x3a8 Drivers/STM32F7xx_HAL_Driver/Src/stm32f7xx_hal_uart.o
                0x0000000008002560                HAL_UART_Init
 .text.USB_CoreInit
                0x0000000008002908       0xd0 Drivers/STM32F7xx_HAL_Driver/Src/stm32f7xx_ll_usb.o
                0x0000000008002908                USB_CoreInit
 .text.USB_DisableGlobalInt
                0x00000000080029d8       0x10 Drivers/STM32F7xx_HAL_Driver/Src/stm32f7xx_ll_usb.o
                0x00000000080029d8                USB_DisableGlobalInt
 .text.USB_SetCurrentMode
                0x00000000080029e8       0x30 Drivers/STM32F7xx_HAL_Driver/Src/stm32f7xx_ll_usb.o
                0x00000000080029e8                USB_SetCurrentMode
 .text.USB_DevInit
                0x0000000008002a18      0x1fc Drivers/STM32F7xx_HAL_Driver/Src/stm32f7xx_ll_usb.o
                0x0000000008002a18                USB_DevInit
 .text.USB_DevDisconnect
                0x0000000008002c14       0x18 Drivers/STM32F7xx_HAL_Driver/Src/stm32f7xx_ll_usb.o
                0x0000000008002c14                USB_DevDisconnect
 .text.osKernelStart
                0x0000000008002c2c        0xc Middlewares/Third_Party/FreeRTOS/Source/CMSIS_RTOS/cmsis_os.o
                0x0000000008002c2c                osKernelStart
 .text.osKernelSysTick
                0x0000000008002c38       0x10 Middlewares/Third_Party/FreeRTOS/Source/CMSIS_RTOS/cmsis_os.o
                0x0000000008002c38                osKernelSysTick
 .text.osThreadCreate
                0x0000000008002c48       0x30 Middlewares/Third_Party/FreeRTOS/Source/CMSIS_RTOS/cmsis_os.o
                0x0000000008002c48                osThreadCreate
 .text.osMutexCreate
                0x0000000008002c78        0x8 Middlewares/Third_Party/FreeRTOS/Source/CMSIS_RTOS/cmsis_os.o
                0x0000000008002c78                osMutexCreate
 .text.osMutexWait
                0x0000000008002c80       0x58 Middlewares/Third_Party/FreeRTOS/Source/CMSIS_RTOS/cmsis_os.o
                0x0000000008002c80                osMutexWait
 .text.osMutexRelease
                0x0000000008002cd8       0x50 Middlewares/Third_Party/FreeRTOS/Source/CMSIS_RTOS/cmsis_os.o
                0x0000000008002cd8                osMutexRelease
 .text.osMutexDelete
                0x0000000008002d28       0x14 Middlewares/Third_Party/FreeRTOS/Source/CMSIS_RTOS/cmsis_os.o
                0x0000000008002d28                osMutexDelete
 .text.osSemaphoreCreate
                0x0000000008002d3c       0x28 Middlewares/Third_Party/FreeRTOS/Source/CMSIS_RTOS/cmsis_os.o
                0x0000000008002d3c                osSemaphoreCreate
 .text.osSemaphoreWait
                0x0000000008002d64       0x58 Middlewares/Third_Party/FreeRTOS/Source/CMSIS_RTOS/cmsis_os.o
                0x0000000008002d64                osSemaphoreWait
 .text.osSemaphoreRelease
                0x0000000008002dbc       0x50 Middlewares/Third_Party/FreeRTOS/Source/CMSIS_RTOS/cmsis_os.o
                0x0000000008002dbc                osSemaphoreRelease
 .text.osSemaphoreDelete
                0x0000000008002e0c       0x14 Middlewares/Third_Party/FreeRTOS/Source/CMSIS_RTOS/cmsis_os.o
                0x0000000008002e0c                osSemaphoreDelete
 .text.osMessageCreate
                0x0000000008002e20        0xc Middlewares/Third_Party/FreeRTOS/Source/CMSIS_RTOS/cmsis_os.o
                0x0000000008002e20                osMessageCreate
 .text.osMessagePut
                0x0000000008002e2c       0x58 Middlewares/Third_Party/FreeRTOS/Source/CMSIS_RTOS/cmsis_os.o
                0x0000000008002e2c                osMessagePut
 .text.osMessageGet
                0x0000000008002e84       0x8c Middlewares/Third_Party/FreeRTOS/Source/CMSIS_RTOS/cmsis_os.o
                0x0000000008002e84                osMessageGet
 .text.vListInitialise
                0x0000000008002f10       0x18 Middlewares/Third_Party/FreeRTOS/Source/list.o
                0x0000000008002f10                vListInitialise
 .text.vListInitialiseItem
                0x0000000008002f28        0x8 Middlewares/Third_Party/FreeRTOS/Source/list.o
                0x0000000008002f28                vListInitialiseItem
 .text.vListInsertEnd
                0x0000000008002f30       0x20 Middlewares/Third_Party/FreeRTOS/Source/list.o
                0x0000000008002f30                vListInsertEnd
 .text.vListInsert
                0x0000000008002f50       0x34 Middlewares/Third_Party/FreeRTOS/Source/list.o
                0x0000000008002f50                vListInsert
 .text.uxListRemove
                0x0000000008002f84       0x28 Middlewares/Third_Party/FreeRTOS/Source/list.o
                0x0000000008002f84                uxListRemove
 .text.prvUnlockQueue
                0x0000000008002fac       0x94 Middlewares/Third_Party/FreeRTOS/Source/queue.o
 .text.xQueueGenericCreate
                0x0000000008003040       0x94 Middlewares/Third_Party/FreeRTOS/Source/queue.o
                0x0000000008003040                xQueueGenericCreate
 .text.xQueueCreateMutex
                0x00000000080030d4      0x298 Middlewares/Third_Party/FreeRTOS/Source/queue.o
                0x00000000080030d4                xQueueCreateMutex
 .text.xQueueGenericSend
                0x000000000800336c      0x310 Middlewares/Third_Party/FreeRTOS/Source/queue.o
                0x000000000800336c                xQueueGenericSend
 .text.xQueueGenericSendFromISR
                0x000000000800367c      0x148 Middlewares/Third_Party/FreeRTOS/Source/queue.o
                0x000000000800367c                xQueueGenericSendFromISR
 .text.xQueueGiveFromISR
                0x00000000080037c4       0xc0 Middlewares/Third_Party/FreeRTOS/Source/queue.o
                0x00000000080037c4                xQueueGiveFromISR
 .text.xQueueReceive
                0x0000000008003884      0x2dc Middlewares/Third_Party/FreeRTOS/Source/queue.o
                0x0000000008003884                xQueueReceive
 .text.xQueueSemaphoreTake
                0x0000000008003b60      0x324 Middlewares/Third_Party/FreeRTOS/Source/queue.o
                0x0000000008003b60                xQueueSemaphoreTake
 .text.xQueueReceiveFromISR
                0x0000000008003e84       0xc4 Middlewares/Third_Party/FreeRTOS/Source/queue.o
                0x0000000008003e84                xQueueReceiveFromISR
 .text.vQueueDelete
                0x0000000008003f48       0x88 Middlewares/Third_Party/FreeRTOS/Source/queue.o
                0x0000000008003f48                vQueueDelete
 .text.prvIdleTask
                0x0000000008003fd0       0x58 Middlewares/Third_Party/FreeRTOS/Source/tasks.o
 .text.prvAddCurrentTaskToDelayedList
                0x0000000008004028       0x88 Middlewares/Third_Party/FreeRTOS/Source/tasks.o
 .text.xTaskCreate
                0x00000000080040b0      0x244 Middlewares/Third_Party/FreeRTOS/Source/tasks.o
                0x00000000080040b0                xTaskCreate
 .text.vTaskStartScheduler
                0x00000000080042f4      0x1c0 Middlewares/Third_Party/FreeRTOS/Source/tasks.o
                0x00000000080042f4                vTaskStartScheduler
 .text.vTaskSuspendAll
                0x00000000080044b4       0x14 Middlewares/Third_Party/FreeRTOS/Source/tasks.o
                0x00000000080044b4                vTaskSuspendAll
 .text.xTaskGetTickCount
                0x00000000080044c8        0xc Middlewares/Third_Party/FreeRTOS/Source/tasks.o
                0x00000000080044c8                xTaskGetTickCount
 .text.xTaskGetTickCountFromISR
                0x00000000080044d4       0x14 Middlewares/Third_Party/FreeRTOS/Source/tasks.o
                0x00000000080044d4                xTaskGetTickCountFromISR
 .text.xTaskIncrementTick
                0x00000000080044e8      0x130 Middlewares/Third_Party/FreeRTOS/Source/tasks.o
                0x00000000080044e8                xTaskIncrementTick
 .text.xTaskResumeAll
                0x0000000008004618       0xfc Middlewares/Third_Party/FreeRTOS/Source/tasks.o
                0x0000000008004618                xTaskResumeAll
 .text.vTaskDelay
                0x0000000008004714       0x50 Middlewares/Third_Party/FreeRTOS/Source/tasks.o
                0x0000000008004714                vTaskDelay
 .text.vTaskSwitchContext
                0x0000000008004764       0xa4 Middlewares/Third_Party/FreeRTOS/Source/tasks.o
                0x0000000008004764                vTaskSwitchContext
 .text.vTaskPlaceOnEventList
                0x0000000008004808       0xa4 Middlewares/Third_Party/FreeRTOS/Source/tasks.o
                0x0000000008004808                vTaskPlaceOnEventList
 .text.xTaskRemoveFromEventList
                0x00000000080048ac       0x8c Middlewares/Third_Party/FreeRTOS/Source/tasks.o
                0x00000000080048ac                xTaskRemoveFromEventList
 .text.vTaskInternalSetTimeOutState
                0x0000000008004938       0x14 Middlewares/Third_Party/FreeRTOS/Source/tasks.o
                0x0000000008004938                vTaskInternalSetTimeOutState
 .text.xTaskCheckForTimeOut
                0x000000000800494c       0x8c Middlewares/Third_Party/FreeRTOS/Source/tasks.o
                0x000000000800494c                xTaskCheckForTimeOut
 .text.vTaskMissedYield
                0x00000000080049d8       0x10 Middlewares/Third_Party/FreeRTOS/Source/tasks.o
                0x00000000080049d8                vTaskMissedYield
 .text.uxTaskGetStackHighWaterMark
                0x00000000080049e8       0x34 Middlewares/Third_Party/FreeRTOS/Source/tasks.o
                0x00000000080049e8                uxTaskGetStackHighWaterMark
 .text.xTaskGetSchedulerState
                0x0000000008004a1c       0x20 Middlewares/Third_Party/FreeRTOS/Source/tasks.o
                0x0000000008004a1c                xTaskGetSchedulerState
 .text.xTaskPriorityInherit
                0x0000000008004a3c       0xb8 Middlewares/Third_Party/FreeRTOS/Source/tasks.o
                0x0000000008004a3c                xTaskPriorityInherit
 .text.xTaskPriorityDisinherit
                0x0000000008004af4       0xb4 Middlewares/Third_Party/FreeRTOS/Source/tasks.o
                0x0000000008004af4                xTaskPriorityDisinherit
 .text.vTaskPriorityDisinheritAfterTimeout
                0x0000000008004ba8       0xc4 Middlewares/Third_Party/FreeRTOS/Source/tasks.o
                0x0000000008004ba8                vTaskPriorityDisinheritAfterTimeout
 .text.pvTaskIncrementMutexHeldCount
                0x0000000008004c6c       0x1c Middlewares/Third_Party/FreeRTOS/Source/tasks.o
                0x0000000008004c6c                pvTaskIncrementMutexHeldCount
 .text.ulTaskNotifyTake
                0x0000000008004c88       0xe0 Middlewares/Third_Party/FreeRTOS/Source/tasks.o
                0x0000000008004c88                ulTaskNotifyTake
 .text.xTaskGenericNotify
                0x0000000008004d68       0xdc Middlewares/Third_Party/FreeRTOS/Source/tasks.o
                0x0000000008004d68                xTaskGenericNotify
 .text.prvTaskExitError
                0x0000000008004e44       0x48 Middlewares/Third_Party/FreeRTOS/Source/portable/GCC/ARM_CM7/r0p1/port.o
 .text.unlikely.prvPortStartFirstTask
                0x0000000008004e8c       0x28 Middlewares/Third_Party/FreeRTOS/Source/portable/GCC/ARM_CM7/r0p1/port.o
 .text.unlikely.vPortEnableVFP
                0x0000000008004eb4       0x14 Middlewares/Third_Party/FreeRTOS/Source/portable/GCC/ARM_CM7/r0p1/port.o
 .text.pxPortInitialiseStack
                0x0000000008004ec8       0x30 Middlewares/Third_Party/FreeRTOS/Source/portable/GCC/ARM_CM7/r0p1/port.o
                0x0000000008004ec8                pxPortInitialiseStack
 *fill*         0x0000000008004ef8        0x8 
 .text.SVC_Handler
                0x0000000008004f00       0x24 Middlewares/Third_Party/FreeRTOS/Source/portable/GCC/ARM_CM7/r0p1/port.o
                0x0000000008004f00                SVC_Handler
 .text.vPortEnterCritical
                0x0000000008004f24       0x4c Middlewares/Third_Party/FreeRTOS/Source/portable/GCC/ARM_CM7/r0p1/port.o
                0x0000000008004f24                vPortEnterCritical
 .text.vPortExitCritical
                0x0000000008004f70       0x2c Middlewares/Third_Party/FreeRTOS/Source/portable/GCC/ARM_CM7/r0p1/port.o
                0x0000000008004f70                vPortExitCritical
 *fill*         0x0000000008004f9c        0x4 
 .text.PendSV_Handler
                0x0000000008004fa0       0x64 Middlewares/Third_Party/FreeRTOS/Source/portable/GCC/ARM_CM7/r0p1/port.o
                0x0000000008004fa0                PendSV_Handler
 .text.SysTick_Handler
                0x0000000008005004       0x30 Middlewares/Third_Party/FreeRTOS/Source/portable/GCC/ARM_CM7/r0p1/port.o
                0x0000000008005004                SysTick_Handler
 .text.vPortSetupTimerInterrupt
                0x0000000008005034       0x3c Middlewares/Third_Party/FreeRTOS/Source/portable/GCC/ARM_CM7/r0p1/port.o
                0x0000000008005034                vPortSetupTimerInterrupt
 .text.xPortStartScheduler
                0x0000000008005070       0xc8 Middlewares/Third_Party/FreeRTOS/Source/portable/GCC/ARM_CM7/r0p1/port.o
                0x0000000008005070                xPortStartScheduler
 .text.vPortValidateInterruptPriority
                0x0000000008005138       0x60 Middlewares/Third_Party/FreeRTOS/Source/portable/GCC/ARM_CM7/r0p1/port.o
                0x0000000008005138                vPortValidateInterruptPriority
 .text.unlikely.prvInsertBlockIntoFreeList
                0x0000000008005198       0x4c Middlewares/Third_Party/FreeRTOS/Source/portable/MemMang/heap_4.o
 .text.pvPortMalloc
                0x00000000080051e4      0x10c Middlewares/Third_Party/FreeRTOS/Source/portable/MemMang/heap_4.o
                0x00000000080051e4                pvPortMalloc
 .text.vPortFree
                0x00000000080052f0       0x70 Middlewares/Third_Party/FreeRTOS/Source/portable/MemMang/heap_4.o
                0x00000000080052f0                vPortFree
 .text.tcpip_thread
                0x0000000008005360       0xa4 Middlewares/Third_Party/LwIP/src/api/tcpip.o
 .text.tcpip_input
                0x0000000008005404       0x94 Middlewares/Third_Party/LwIP/src/api/tcpip.o
                0x0000000008005404                tcpip_input
 .text.tcpip_init
                0x0000000008005498       0x7c Middlewares/Third_Party/LwIP/src/api/tcpip.o
                0x0000000008005498                tcpip_init
 .text.lwip_htons
                0x0000000008005514        0x8 Middlewares/Third_Party/LwIP/src/core/def.o
                0x0000000008005514                lwip_htons
 .text.inet_chksum
                0x000000000800551c       0x74 Middlewares/Third_Party/LwIP/src/core/inet_chksum.o
                0x000000000800551c                inet_chksum
 .text.lwip_init
                0x0000000008005590       0x24 Middlewares/Third_Party/LwIP/src/core/init.o
                0x0000000008005590                lwip_init
 .text.mem_init
                0x00000000080055b4       0x5c Middlewares/Third_Party/LwIP/src/core/mem.o
                0x00000000080055b4                mem_init
 .text.mem_free
                0x0000000008005610      0x16c Middlewares/Third_Party/LwIP/src/core/mem.o
                0x0000000008005610                mem_free
 .text.mem_trim
                0x000000000800577c      0x12c Middlewares/Third_Party/LwIP/src/core/mem.o
                0x000000000800577c                mem_trim
 .text.mem_malloc
                0x00000000080058a8      0x148 Middlewares/Third_Party/LwIP/src/core/mem.o
                0x00000000080058a8                mem_malloc
 .text.memp_init
                0x00000000080059f0       0x54 Middlewares/Third_Party/LwIP/src/core/memp.o
                0x00000000080059f0                memp_init
 .text.memp_malloc
                0x0000000008005a44       0x64 Middlewares/Third_Party/LwIP/src/core/memp.o
                0x0000000008005a44                memp_malloc
 .text.memp_free
                0x0000000008005aa8       0x5c Middlewares/Third_Party/LwIP/src/core/memp.o
                0x0000000008005aa8                memp_free
 .text.netif_init
                0x0000000008005b04        0x4 Middlewares/Third_Party/LwIP/src/core/netif.o
                0x0000000008005b04                netif_init
 .text.netif_add
                0x0000000008005b08      0x104 Middlewares/Third_Party/LwIP/src/core/netif.o
                0x0000000008005b08                netif_add
 .text.netif_set_default
                0x0000000008005c0c        0xc Middlewares/Third_Party/LwIP/src/core/netif.o
                0x0000000008005c0c                netif_set_default
 .text.netif_set_up
                0x0000000008005c18       0x40 Middlewares/Third_Party/LwIP/src/core/netif.o
                0x0000000008005c18                netif_set_up
 .text.netif_set_down
                0x0000000008005c58       0x1c Middlewares/Third_Party/LwIP/src/core/netif.o
                0x0000000008005c58                netif_set_down
 .text.pbuf_alloced_custom
                0x0000000008005c74       0x68 Middlewares/Third_Party/LwIP/src/core/pbuf.o
                0x0000000008005c74                pbuf_alloced_custom
 .text.pbuf_header
                0x0000000008005cdc       0xb0 Middlewares/Third_Party/LwIP/src/core/pbuf.o
                0x0000000008005cdc                pbuf_header
 .text.pbuf_header_force
                0x0000000008005d8c       0xb0 Middlewares/Third_Party/LwIP/src/core/pbuf.o
                0x0000000008005d8c                pbuf_header_force
 .text.pbuf_free
                0x0000000008005e3c       0xe8 Middlewares/Third_Party/LwIP/src/core/pbuf.o
                0x0000000008005e3c                pbuf_free
 .text.pbuf_alloc
                0x0000000008005f24      0x1ec Middlewares/Third_Party/LwIP/src/core/pbuf.o
                0x0000000008005f24                pbuf_alloc
 .text.pbuf_realloc
                0x0000000008006110      0x11c Middlewares/Third_Party/LwIP/src/core/pbuf.o
                0x0000000008006110                pbuf_realloc
 .text.pbuf_clen
                0x000000000800622c       0x18 Middlewares/Third_Party/LwIP/src/core/pbuf.o
                0x000000000800622c                pbuf_clen
 .text.pbuf_ref
                0x0000000008006244       0x3c Middlewares/Third_Party/LwIP/src/core/pbuf.o
                0x0000000008006244                pbuf_ref
 .text.pbuf_cat
                0x0000000008006280       0x88 Middlewares/Third_Party/LwIP/src/core/pbuf.o
                0x0000000008006280                pbuf_cat
 .text.pbuf_chain
                0x0000000008006308       0xb4 Middlewares/Third_Party/LwIP/src/core/pbuf.o
                0x0000000008006308                pbuf_chain
 .text.pbuf_copy
                0x00000000080063bc      0x174 Middlewares/Third_Party/LwIP/src/core/pbuf.o
                0x00000000080063bc                pbuf_copy
 .text.pbuf_take
                0x0000000008006530       0xd4 Middlewares/Third_Party/LwIP/src/core/pbuf.o
                0x0000000008006530                pbuf_take
 .text.pbuf_take_at
                0x0000000008006604       0x6c Middlewares/Third_Party/LwIP/src/core/pbuf.o
                0x0000000008006604                pbuf_take_at
 .text.sys_msleep
                0x0000000008006670       0x2c Middlewares/Third_Party/LwIP/src/core/sys.o
                0x0000000008006670                sys_msleep
 .text.cyclic_timer
                0x000000000800669c       0xb0 Middlewares/Third_Party/LwIP/src/core/timeouts.o
 .text.sys_timeouts_init
                0x000000000800674c       0xf0 Middlewares/Third_Party/LwIP/src/core/timeouts.o
                0x000000000800674c                sys_timeouts_init
 .text.sys_timeouts_mbox_fetch
                0x000000000800683c       0xac Middlewares/Third_Party/LwIP/src/core/timeouts.o
                0x000000000800683c                sys_timeouts_mbox_fetch
 .text.udp_init
                0x00000000080068e8        0x4 Middlewares/Third_Party/LwIP/src/core/udp.o
                0x00000000080068e8                udp_init
 .text.udp_input
                0x00000000080068ec      0x1c0 Middlewares/Third_Party/LwIP/src/core/udp.o
                0x00000000080068ec                udp_input
 .text.udp_sendto
                0x0000000008006aac      0x204 Middlewares/Third_Party/LwIP/src/core/udp.o
                0x0000000008006aac                udp_sendto
 .text.udp_bind
                0x0000000008006cb0       0xe0 Middlewares/Third_Party/LwIP/src/core/udp.o
                0x0000000008006cb0                udp_bind
 .text.udp_recv
                0x0000000008006d90        0x8 Middlewares/Third_Party/LwIP/src/core/udp.o
                0x0000000008006d90                udp_recv
 .text.udp_remove
                0x0000000008006d98       0x38 Middlewares/Third_Party/LwIP/src/core/udp.o
                0x0000000008006d98                udp_remove
 .text.udp_new  0x0000000008006dd0       0x20 Middlewares/Third_Party/LwIP/src/core/udp.o
                0x0000000008006dd0                udp_new
 .text.udp_netif_ip_addr_changed
                0x0000000008006df0       0x3c Middlewares/Third_Party/LwIP/src/core/udp.o
                0x0000000008006df0                udp_netif_ip_addr_changed
 .text.etharp_raw
                0x0000000008006e2c       0xe4 Middlewares/Third_Party/LwIP/src/core/ipv4/etharp.o
 .text.etharp_output_to_arp_index
                0x0000000008006f10       0xdc Middlewares/Third_Party/LwIP/src/core/ipv4/etharp.o
 .text.etharp_tmr
                0x0000000008006fec       0xa8 Middlewares/Third_Party/LwIP/src/core/ipv4/etharp.o
                0x0000000008006fec                etharp_tmr
 .text.etharp_cleanup_netif
                0x0000000008007094      0x164 Middlewares/Third_Party/LwIP/src/core/ipv4/etharp.o
                0x0000000008007094                etharp_cleanup_netif
 .text.etharp_input
                0x00000000080071f8      0x610 Middlewares/Third_Party/LwIP/src/core/ipv4/etharp.o
                0x00000000080071f8                etharp_input
 .text.etharp_query
                0x0000000008007808      0x62c Middlewares/Third_Party/LwIP/src/core/ipv4/etharp.o
                0x0000000008007808                etharp_query
 .text.etharp_output
                0x0000000008007e34      0x1f4 Middlewares/Third_Party/LwIP/src/core/ipv4/etharp.o
                0x0000000008007e34                etharp_output
 .text.etharp_request
                0x0000000008008028       0xec Middlewares/Third_Party/LwIP/src/core/ipv4/etharp.o
                0x0000000008008028                etharp_request
 .text.icmp_input
                0x0000000008008114      0x134 Middlewares/Third_Party/LwIP/src/core/ipv4/icmp.o
                0x0000000008008114                icmp_input
 .text.icmp_dest_unreach
                0x0000000008008248       0xac Middlewares/Third_Party/LwIP/src/core/ipv4/icmp.o
                0x0000000008008248                icmp_dest_unreach
 .text.icmp_time_exceeded
                0x00000000080082f4       0xac Middlewares/Third_Party/LwIP/src/core/ipv4/icmp.o
                0x00000000080082f4                icmp_time_exceeded
 .text.igmp_send
                0x00000000080083a0       0xb8 Middlewares/Third_Party/LwIP/src/core/ipv4/igmp.o
 .text.igmp_init
                0x0000000008008458       0x18 Middlewares/Third_Party/LwIP/src/core/ipv4/igmp.o
                0x0000000008008458                igmp_init
 .text.igmp_start
                0x0000000008008470       0x9c Middlewares/Third_Party/LwIP/src/core/ipv4/igmp.o
                0x0000000008008470                igmp_start
 .text.igmp_report_groups
                0x000000000800850c       0x50 Middlewares/Third_Party/LwIP/src/core/ipv4/igmp.o
                0x000000000800850c                igmp_report_groups
 .text.igmp_lookfor_group
                0x000000000800855c       0x20 Middlewares/Third_Party/LwIP/src/core/ipv4/igmp.o
                0x000000000800855c                igmp_lookfor_group
 .text.igmp_input
                0x000000000800857c      0x114 Middlewares/Third_Party/LwIP/src/core/ipv4/igmp.o
                0x000000000800857c                igmp_input
 .text.igmp_joingroup
                0x0000000008008690      0x1dc Middlewares/Third_Party/LwIP/src/core/ipv4/igmp.o
                0x0000000008008690                igmp_joingroup
 .text.igmp_tmr
                0x000000000800886c       0x60 Middlewares/Third_Party/LwIP/src/core/ipv4/igmp.o
                0x000000000800886c                igmp_tmr
 .text.ip4_route
                0x00000000080088cc       0x7c Middlewares/Third_Party/LwIP/src/core/ipv4/ip4.o
                0x00000000080088cc                ip4_route
 .text.ip4_input
                0x0000000008008948      0x1c8 Middlewares/Third_Party/LwIP/src/core/ipv4/ip4.o
                0x0000000008008948                ip4_input
 .text.ip4_output_if
                0x0000000008008b10      0x12c Middlewares/Third_Party/LwIP/src/core/ipv4/ip4.o
                0x0000000008008b10                ip4_output_if
 .text.ip4_output_if_opt
                0x0000000008008c3c      0x198 Middlewares/Third_Party/LwIP/src/core/ipv4/ip4.o
                0x0000000008008c3c                ip4_output_if_opt
 .text.ip4_output_if_src
                0x0000000008008dd4      0x100 Middlewares/Third_Party/LwIP/src/core/ipv4/ip4.o
                0x0000000008008dd4                ip4_output_if_src
 .text.ip4_addr_isbroadcast_u32
                0x0000000008008ed4       0x34 Middlewares/Third_Party/LwIP/src/core/ipv4/ip4_addr.o
                0x0000000008008ed4                ip4_addr_isbroadcast_u32
 .text.ipfrag_free_pbuf_custom
                0x0000000008008f08       0x38 Middlewares/Third_Party/LwIP/src/core/ipv4/ip4_frag.o
 .text.ip_reass_free_complete_datagram
                0x0000000008008f40      0x138 Middlewares/Third_Party/LwIP/src/core/ipv4/ip4_frag.o
 .text.ip_reass_tmr
                0x0000000008009078       0x30 Middlewares/Third_Party/LwIP/src/core/ipv4/ip4_frag.o
                0x0000000008009078                ip_reass_tmr
 .text.ip4_reass
                0x00000000080090a8      0x51c Middlewares/Third_Party/LwIP/src/core/ipv4/ip4_frag.o
                0x00000000080090a8                ip4_reass
 .text.ip4_frag
                0x00000000080095c4      0x234 Middlewares/Third_Party/LwIP/src/core/ipv4/ip4_frag.o
                0x00000000080095c4                ip4_frag
 .text.ethernet_input
                0x00000000080097f8       0x9c Middlewares/Third_Party/LwIP/src/netif/ethernet.o
                0x00000000080097f8                ethernet_input
 .text.ethernet_output
                0x0000000008009894       0x7c Middlewares/Third_Party/LwIP/src/netif/ethernet.o
                0x0000000008009894                ethernet_output
 .text.sys_mbox_new
                0x0000000008009910       0x24 Middlewares/Third_Party/LwIP/system/OS/sys_arch.o
                0x0000000008009910                sys_mbox_new
 .text.sys_mbox_trypost
                0x0000000008009934       0x14 Middlewares/Third_Party/LwIP/system/OS/sys_arch.o
                0x0000000008009934                sys_mbox_trypost
 .text.sys_arch_mbox_fetch
                0x0000000008009948       0x44 Middlewares/Third_Party/LwIP/system/OS/sys_arch.o
                0x0000000008009948                sys_arch_mbox_fetch
 .text.sys_mbox_valid
                0x000000000800998c        0xc Middlewares/Third_Party/LwIP/system/OS/sys_arch.o
                0x000000000800998c                sys_mbox_valid
 .text.sys_sem_new
                0x0000000008009998       0x38 Middlewares/Third_Party/LwIP/system/OS/sys_arch.o
                0x0000000008009998                sys_sem_new
 .text.sys_arch_sem_wait
                0x00000000080099d0       0x38 Middlewares/Third_Party/LwIP/system/OS/sys_arch.o
                0x00000000080099d0                sys_arch_sem_wait
 .text.sys_sem_signal
                0x0000000008009a08        0x8 Middlewares/Third_Party/LwIP/system/OS/sys_arch.o
                0x0000000008009a08                sys_sem_signal
 .text.sys_sem_free
                0x0000000008009a10        0x8 Middlewares/Third_Party/LwIP/system/OS/sys_arch.o
                0x0000000008009a10                sys_sem_free
 .text.sys_sem_valid
                0x0000000008009a18        0xc Middlewares/Third_Party/LwIP/system/OS/sys_arch.o
                0x0000000008009a18                sys_sem_valid
 .text.sys_init
                0x0000000008009a24       0x18 Middlewares/Third_Party/LwIP/system/OS/sys_arch.o
                0x0000000008009a24                sys_init
 .text.sys_mutex_new
                0x0000000008009a3c       0x24 Middlewares/Third_Party/LwIP/system/OS/sys_arch.o
                0x0000000008009a3c                sys_mutex_new
 .text.sys_mutex_free
                0x0000000008009a60        0x8 Middlewares/Third_Party/LwIP/system/OS/sys_arch.o
                0x0000000008009a60                sys_mutex_free
 .text.sys_mutex_lock
                0x0000000008009a68        0xc Middlewares/Third_Party/LwIP/system/OS/sys_arch.o
                0x0000000008009a68                sys_mutex_lock
 .text.sys_mutex_unlock
                0x0000000008009a74        0x8 Middlewares/Third_Party/LwIP/system/OS/sys_arch.o
                0x0000000008009a74                sys_mutex_unlock
 .text.sys_thread_new
                0x0000000008009a7c       0x28 Middlewares/Third_Party/LwIP/system/OS/sys_arch.o
                0x0000000008009a7c                sys_thread_new
 .text.sys_arch_protect
                0x0000000008009aa4       0x18 Middlewares/Third_Party/LwIP/system/OS/sys_arch.o
                0x0000000008009aa4                sys_arch_protect
 .text.sys_arch_unprotect
                0x0000000008009abc        0xc Middlewares/Third_Party/LwIP/system/OS/sys_arch.o
                0x0000000008009abc                sys_arch_unprotect
 .text.low_level_output
                0x0000000008009ac8       0xbc Src/ethernetif.o
 .text.ethernetif_input
                0x0000000008009b84      0x100 Src/ethernetif.o
                0x0000000008009b84                ethernetif_input
 .text.HAL_ETH_MspInit
                0x0000000008009c84      0x110 Src/ethernetif.o
                0x0000000008009c84                HAL_ETH_MspInit
 .text.HAL_ETH_RxCpltCallback
                0x0000000008009d94        0xc Src/ethernetif.o
                0x0000000008009d94                HAL_ETH_RxCpltCallback
 .text.ethernetif_init
                0x0000000008009da0      0x154 Src/ethernetif.o
                0x0000000008009da0                ethernetif_init
 .text.sys_now  0x0000000008009ef4        0x4 Src/ethernetif.o
                0x0000000008009ef4                sys_now
 .text.MX_LWIP_Init
                0x0000000008009ef8       0x9c Src/lwip.o
                0x0000000008009ef8                MX_LWIP_Init
 .text._Z7setTruePv
                0x0000000008009f94        0x8 Src/main.o
                0x0000000008009f94                setTrue(void*)
 .text._ZN4rtps15StatefulReaderTINS_9UdpDriverEE16registerCallbackEPFvPvRKNS_17ReaderCacheChangeEES3_
                0x0000000008009f9c        0xc Src/main.o
                0x0000000008009f9c                rtps::StatefulReaderT<rtps::UdpDriver>::registerCallback(void (*)(void*, rtps::ReaderCacheChange const&), void*)
 .text._ZN4rtps16StatelessWriterTINS_9UdpDriverEE12onNewAckNackERKNS_17SubmessageAckNackERKNS_12GuidPrefix_tE
                0x0000000008009fa8        0x4 Src/main.o
                0x0000000008009fa8                rtps::StatelessWriterT<rtps::UdpDriver>::onNewAckNack(rtps::SubmessageAckNack const&, rtps::GuidPrefix_t const&)
 .text._ZN4rtps15StatefulWriterTINS_9UdpDriverEE19addNewMatchedReaderERKNS_11ReaderProxyE
                0x0000000008009fac       0x84 Src/main.o
                0x0000000008009fac                rtps::StatefulWriterT<rtps::UdpDriver>::addNewMatchedReader(rtps::ReaderProxy const&)
 .text._ZN4rtps15StatefulReaderTINS_9UdpDriverEE19addNewMatchedWriterERKNS_11WriterProxyE
                0x000000000800a030       0x9c Src/main.o
                0x000000000800a030                rtps::StatefulReaderT<rtps::UdpDriver>::addNewMatchedWriter(rtps::WriterProxy const&)
 .text._Z26receiveCallbackLatencyRTPSPvRKN4rtps17ReaderCacheChangeE
                0x000000000800a0cc       0x5c Src/main.o
                0x000000000800a0cc                receiveCallbackLatencyRTPS(void*, rtps::ReaderCacheChange const&)
 .text._ZN4rtps15StatefulWriterTINS_9UdpDriverEED2Ev
                0x000000000800a128       0x44 Src/main.o
                0x000000000800a128                rtps::StatefulWriterT<rtps::UdpDriver>::~StatefulWriterT()
                0x000000000800a128                rtps::StatefulWriterT<rtps::UdpDriver>::~StatefulWriterT()
 .text._ZN4rtps16StatelessWriterTINS_9UdpDriverEED2Ev
                0x000000000800a16c       0x34 Src/main.o
                0x000000000800a16c                rtps::StatelessWriterT<rtps::UdpDriver>::~StatelessWriterT()
                0x000000000800a16c                rtps::StatelessWriterT<rtps::UdpDriver>::~StatelessWriterT()
 .text._ZN4rtps15StatefulReaderTINS_9UdpDriverEED2Ev
                0x000000000800a1a0       0x20 Src/main.o
                0x000000000800a1a0                rtps::StatefulReaderT<rtps::UdpDriver>::~StatefulReaderT()
                0x000000000800a1a0                rtps::StatefulReaderT<rtps::UdpDriver>::~StatefulReaderT()
 .text._ZN4rtps15StatefulReaderTINS_9UdpDriverEED0Ev
                0x000000000800a1c0       0x28 Src/main.o
                0x000000000800a1c0                rtps::StatefulReaderT<rtps::UdpDriver>::~StatefulReaderT()
 .text._ZN4rtps15StatefulWriterTINS_9UdpDriverEE21setAllChangesToUnsentEv
                0x000000000800a1e8       0x34 Src/main.o
                0x000000000800a1e8                rtps::StatefulWriterT<rtps::UdpDriver>::setAllChangesToUnsent()
 .text._ZN4rtps16StatelessWriterTINS_9UdpDriverEE21setAllChangesToUnsentEv
                0x000000000800a21c       0x34 Src/main.o
                0x000000000800a21c                rtps::StatelessWriterT<rtps::UdpDriver>::setAllChangesToUnsent()
 .text._ZN4rtps15StatefulWriterTINS_9UdpDriverEE9newChangeENS_12ChangeKind_tEPKht
                0x000000000800a250       0x78 Src/main.o
                0x000000000800a250                rtps::StatefulWriterT<rtps::UdpDriver>::newChange(rtps::ChangeKind_t, unsigned char const*, unsigned short)
 .text._ZN4rtps16StatelessWriterTINS_9UdpDriverEE9newChangeENS_12ChangeKind_tEPKht
                0x000000000800a2c8       0x78 Src/main.o
                0x000000000800a2c8                rtps::StatelessWriterT<rtps::UdpDriver>::newChange(rtps::ChangeKind_t, unsigned char const*, unsigned short)
 .text._ZN4rtps16StatelessWriterTINS_9UdpDriverEE19addNewMatchedReaderERKNS_11ReaderProxyE
                0x000000000800a340       0x84 Src/main.o
                0x000000000800a340                rtps::StatelessWriterT<rtps::UdpDriver>::addNewMatchedReader(rtps::ReaderProxy const&)
 .text._ZN4rtps16StatelessWriterTINS_9UdpDriverEED0Ev
                0x000000000800a3c4       0x3c Src/main.o
                0x000000000800a3c4                rtps::StatelessWriterT<rtps::UdpDriver>::~StatelessWriterT()
 .text._ZN4rtps15StatefulWriterTINS_9UdpDriverEED0Ev
                0x000000000800a400       0x48 Src/main.o
                0x000000000800a400                rtps::StatefulWriterT<rtps::UdpDriver>::~StatefulWriterT()
 .text._ZN4rtps15StatefulReaderTINS_9UdpDriverEE12removeWriterERKNS_4GuidE
                0x000000000800a448       0xcc Src/main.o
                0x000000000800a448                rtps::StatefulReaderT<rtps::UdpDriver>::removeWriter(rtps::Guid const&)
 .text._ZN4rtps15StatefulWriterTINS_9UdpDriverEE12removeReaderERKNS_4GuidE
                0x000000000800a514       0xcc Src/main.o
                0x000000000800a514                rtps::StatefulWriterT<rtps::UdpDriver>::removeReader(rtps::Guid const&)
 .text._ZN4rtps16StatelessWriterTINS_9UdpDriverEE12removeReaderERKNS_4GuidE
                0x000000000800a5e0       0xcc Src/main.o
                0x000000000800a5e0                rtps::StatelessWriterT<rtps::UdpDriver>::removeReader(rtps::Guid const&)
 .text._ZN4rtps14MessageFactory17addSubMessageDataINS_11PBufWrapperEEEvRT_RKS3_bRKNS_16SequenceNumber_tERKNS_10EntityId_tESC_.constprop.22
                0x000000000800a6ac      0x114 Src/main.o
 .text._ZN4rtps16StatelessWriterTINS_9UdpDriverEE8progressEv
                0x000000000800a7c0      0x1f4 Src/main.o
                0x000000000800a7c0                rtps::StatelessWriterT<rtps::UdpDriver>::progress()
 .text._ZN4rtps15StatefulReaderTINS_9UdpDriverEE9newChangeERKNS_17ReaderCacheChangeE
                0x000000000800a9b4      0x118 Src/main.o
                0x000000000800a9b4                rtps::StatefulReaderT<rtps::UdpDriver>::newChange(rtps::ReaderCacheChange const&)
 .text._ZN4rtps13UdpConnectionD2Ev
                0x000000000800aacc       0x28 Src/main.o
                0x000000000800aacc                rtps::UdpConnection::~UdpConnection()
                0x000000000800aacc                rtps::UdpConnection::~UdpConnection()
 .text.__tcf_0  0x000000000800aaf4      0x140 Src/main.o
 .text.__io_putchar
                0x000000000800ac34       0x24 Src/main.o
                0x000000000800ac34                __io_putchar
 .text._Z10uart_printPc
                0x000000000800ac58       0x28 Src/main.o
                0x000000000800ac58                uart_print(char*)
 .text._ZdlPv   0x000000000800ac80        0x4 Src/main.o
                0x000000000800ac80                operator delete(void*)
 .text.vApplicationStackOverflowHook
                0x000000000800ac84       0x10 Src/main.o
                0x000000000800ac84                vApplicationStackOverflowHook
 .text.vApplicationMallocFailedHook
                0x000000000800ac94       0x10 Src/main.o
                0x000000000800ac94                vApplicationMallocFailedHook
 .text._Z18SystemClock_Configv
                0x000000000800aca4       0xb8 Src/main.o
                0x000000000800aca4                SystemClock_Config()
 .text.startup.main
                0x000000000800ad5c      0x1d8 Src/main.o
                0x000000000800ad5c                main
 .text._Z15latencyTestRPTSv
                0x000000000800af34      0x1d8 Src/main.o
                0x000000000800af34                latencyTestRPTS()
 .text._Z16StartDefaultTaskPKv
                0x000000000800b10c       0x24 Src/main.o
                0x000000000800b10c                StartDefaultTask(void const*)
 .text.HAL_TIM_PeriodElapsedCallback
                0x000000000800b130       0x14 Src/main.o
                0x000000000800b130                HAL_TIM_PeriodElapsedCallback
 .text._ZN4rtps15StatefulWriterTINS_9UdpDriverEE8sendDataERKNS_11ReaderProxyERKNS_16SequenceNumber_tE
                0x000000000800b144      0x15c Src/main.o
                0x000000000800b144                rtps::StatefulWriterT<rtps::UdpDriver>::sendData(rtps::ReaderProxy const&, rtps::SequenceNumber_t const&)
 .text._ZN4rtps15StatefulWriterTINS_9UdpDriverEE12onNewAckNackERKNS_17SubmessageAckNackERKNS_12GuidPrefix_tE
                0x000000000800b2a0      0x190 Src/main.o
                0x000000000800b2a0                rtps::StatefulWriterT<rtps::UdpDriver>::onNewAckNack(rtps::SubmessageAckNack const&, rtps::GuidPrefix_t const&)
 .text._ZN4rtps15StatefulWriterTINS_9UdpDriverEE8progressEv
                0x000000000800b430       0x9c Src/main.o
                0x000000000800b430                rtps::StatefulWriterT<rtps::UdpDriver>::progress()
 .text._ZN4rtps16serializeMessageINS_11PBufWrapperEEEbRT_RNS_17SubmessageAckNackE
                0x000000000800b4cc       0xd8 Src/main.o
                0x000000000800b4cc                bool rtps::serializeMessage<rtps::PBufWrapper>(rtps::PBufWrapper&, rtps::SubmessageAckNack&)
 .text._ZN4rtps15StatefulReaderTINS_9UdpDriverEE14onNewHeartbeatERKNS_19SubmessageHeartbeatERKNS_12GuidPrefix_tE
                0x000000000800b5a4      0x278 Src/main.o
                0x000000000800b5a4                rtps::StatefulReaderT<rtps::UdpDriver>::onNewHeartbeat(rtps::SubmessageHeartbeat const&, rtps::GuidPrefix_t const&)
 .text.HAL_MspInit
                0x000000000800b81c       0x40 Src/stm32f7xx_hal_msp.o
                0x000000000800b81c                HAL_MspInit
 .text.HAL_UART_MspInit
                0x000000000800b85c       0xc0 Src/stm32f7xx_hal_msp.o
                0x000000000800b85c                HAL_UART_MspInit
 .text.HAL_PCD_MspInit
                0x000000000800b91c       0x90 Src/stm32f7xx_hal_msp.o
                0x000000000800b91c                HAL_PCD_MspInit
 .text.HAL_InitTick
                0x000000000800b9ac       0x7c Src/stm32f7xx_hal_timebase_tim.o
                0x000000000800b9ac                HAL_InitTick
 .text.NMI_Handler
                0x000000000800ba28        0x4 Src/stm32f7xx_it.o
                0x000000000800ba28                NMI_Handler
 .text.MemManage_Handler
                0x000000000800ba2c        0x4 Src/stm32f7xx_it.o
                0x000000000800ba2c                MemManage_Handler
 .text.BusFault_Handler
                0x000000000800ba30        0x4 Src/stm32f7xx_it.o
                0x000000000800ba30                BusFault_Handler
 .text.UsageFault_Handler
                0x000000000800ba34        0x4 Src/stm32f7xx_it.o
                0x000000000800ba34                UsageFault_Handler
 .text.DebugMon_Handler
                0x000000000800ba38        0x4 Src/stm32f7xx_it.o
                0x000000000800ba38                DebugMon_Handler
 .text.TIM1_UP_TIM10_IRQHandler
                0x000000000800ba3c        0xc Src/stm32f7xx_it.o
                0x000000000800ba3c                TIM1_UP_TIM10_IRQHandler
 .text.ETH_IRQHandler
                0x000000000800ba48        0xc Src/stm32f7xx_it.o
                0x000000000800ba48                ETH_IRQHandler
 .text._read    0x000000000800ba54       0x1c Src/syscalls.o
                0x000000000800ba54                _read
 .text._write   0x000000000800ba70       0x1c Src/syscalls.o
                0x000000000800ba70                _write
 .text._sbrk    0x000000000800ba8c       0x3c Src/syscalls.o
                0x000000000800ba8c                _sbrk
 .text._close   0x000000000800bac8        0x8 Src/syscalls.o
                0x000000000800bac8                _close
 .text._fstat   0x000000000800bad0        0xc Src/syscalls.o
                0x000000000800bad0                _fstat
 .text._isatty  0x000000000800badc        0x4 Src/syscalls.o
                0x000000000800badc                _isatty
 .text._lseek   0x000000000800bae0        0x4 Src/syscalls.o
                0x000000000800bae0                _lseek
 .text.SystemInit
                0x000000000800bae4       0x50 Src/system_stm32f7xx.o
                0x000000000800bae4                SystemInit
 .text._ZN4rtps10ThreadPoolC2EPFvPvRKNS_10PacketInfoEES1_
                0x000000000800bb34       0x70 rtps/src/ThreadPool.o
                0x000000000800bb34                rtps::ThreadPool::ThreadPool(void (*)(void*, rtps::PacketInfo const&), void*)
                0x000000000800bb34                rtps::ThreadPool::ThreadPool(void (*)(void*, rtps::PacketInfo const&), void*)
 .text._ZN4rtps10ThreadPoolD2Ev
                0x000000000800bba4       0x7c rtps/src/ThreadPool.o
                0x000000000800bba4                rtps::ThreadPool::~ThreadPool()
                0x000000000800bba4                rtps::ThreadPool::~ThreadPool()
 .text._ZN4rtps10ThreadPool11addWorkloadEPNS_6WriterE
                0x000000000800bc20       0x5c rtps/src/ThreadPool.o
                0x000000000800bc20                rtps::ThreadPool::addWorkload(rtps::Writer*)
 .text._ZN4rtps10ThreadPool12readCallbackEPvP7udp_pcbP4pbufPK8ip4_addrt
                0x000000000800bc7c       0xec rtps/src/ThreadPool.o
                0x000000000800bc7c                rtps::ThreadPool::readCallback(void*, udp_pcb*, pbuf*, ip4_addr const*, unsigned short)
 .text._ZN4rtps9UdpDriverC2EPFvPvP7udp_pcbP4pbufPK8ip4_addrtES1_
                0x000000000800bd68       0x18 rtps/src/communication/UdpDriver.o
                0x000000000800bd68                rtps::UdpDriver::UdpDriver(void (*)(void*, udp_pcb*, pbuf*, ip4_addr const*, unsigned short), void*)
                0x000000000800bd68                rtps::UdpDriver::UdpDriver(void (*)(void*, udp_pcb*, pbuf*, ip4_addr const*, unsigned short), void*)
 .text._ZN4rtps9UdpDriver19createUdpConnectionEt
                0x000000000800bd80       0xd4 rtps/src/communication/UdpDriver.o
                0x000000000800bd80                rtps::UdpDriver::createUdpConnection(unsigned short)
 .text._ZN4rtps9UdpDriver12isSameSubnetE8ip4_addr
                0x000000000800be54       0x18 rtps/src/communication/UdpDriver.o
                0x000000000800be54                rtps::UdpDriver::isSameSubnet(ip4_addr)
 .text._ZNK4rtps9UdpDriver18joinMultiCastGroupE8ip4_addr
                0x000000000800be6c       0x34 rtps/src/communication/UdpDriver.o
                0x000000000800be6c                rtps::UdpDriver::joinMultiCastGroup(ip4_addr) const
 .text._ZN4rtps9UdpDriver10sendPacketERNS_10PacketInfoE
                0x000000000800bea0       0xec rtps/src/communication/UdpDriver.o
                0x000000000800bea0                rtps::UdpDriver::sendPacket(rtps::PacketInfo&)
 .text._ZN4rtps20ParticipantProxyData18readFromUcdrBufferER10ucdrBuffer
                0x000000000800bf8c      0x268 rtps/src/discovery/ParticipantProxyData.o
                0x000000000800bf8c                rtps::ParticipantProxyData::readFromUcdrBuffer(ucdrBuffer&)
 .text._ZN4rtps9SEDPAgent4initERNS_11ParticipantERKNS_16BuiltInEndpointsE
                0x000000000800c1f4       0x50 rtps/src/discovery/SEDPAgent.o
                0x000000000800c1f4                rtps::SEDPAgent::init(rtps::Participant&, rtps::BuiltInEndpoints const&)
 .text._ZN4rtps9SEDPAgent37registerOnNewPublisherMatchedCallbackEPFvPvES1_
                0x000000000800c244        0xc rtps/src/discovery/SEDPAgent.o
                0x000000000800c244                rtps::SEDPAgent::registerOnNewPublisherMatchedCallback(void (*)(void*), void*)
 .text._ZN4rtps9SEDPAgent38registerOnNewSubscriberMatchedCallbackEPFvPvES1_
                0x000000000800c250        0xc rtps/src/discovery/SEDPAgent.o
                0x000000000800c250                rtps::SEDPAgent::registerOnNewSubscriberMatchedCallback(void (*)(void*), void*)
 .text._ZN4rtps9SEDPAgent14onNewPublisherERKNS_9TopicDataE
                0x000000000800c25c       0x78 rtps/src/discovery/SEDPAgent.o
                0x000000000800c25c                rtps::SEDPAgent::onNewPublisher(rtps::TopicData const&)
 .text._ZN4rtps9SEDPAgent24receiveCallbackPublisherEPvRKNS_17ReaderCacheChangeE
                0x000000000800c2d4       0x68 rtps/src/discovery/SEDPAgent.o
                0x000000000800c2d4                rtps::SEDPAgent::receiveCallbackPublisher(void*, rtps::ReaderCacheChange const&)
 .text._ZN4rtps9SEDPAgent15onNewSubscriberERKNS_9TopicDataE
                0x000000000800c33c       0x80 rtps/src/discovery/SEDPAgent.o
                0x000000000800c33c                rtps::SEDPAgent::onNewSubscriber(rtps::TopicData const&)
 .text._ZN4rtps9SEDPAgent25receiveCallbackSubscriberEPvRKNS_17ReaderCacheChangeE
                0x000000000800c3bc       0x68 rtps/src/discovery/SEDPAgent.o
                0x000000000800c3bc                rtps::SEDPAgent::receiveCallbackSubscriber(void*, rtps::ReaderCacheChange const&)
 .text._ZN4rtps9SEDPAgent9addWriterERNS_6WriterE
                0x000000000800c424       0x74 rtps/src/discovery/SEDPAgent.o
                0x000000000800c424                rtps::SEDPAgent::addWriter(rtps::Writer&)
 .text._ZN4rtps9SEDPAgent9addReaderERNS_6ReaderE
                0x000000000800c498       0x80 rtps/src/discovery/SEDPAgent.o
                0x000000000800c498                rtps::SEDPAgent::addReader(rtps::Reader&)
 .text._ZN4rtps9SPDPAgent12runBroadcastEPv
                0x000000000800c518       0x3c rtps/src/discovery/SPDPAgent.o
                0x000000000800c518                rtps::SPDPAgent::runBroadcast(void*)
 .text._ZN4rtps9SPDPAgentD2Ev
                0x000000000800c554       0x18 rtps/src/discovery/SPDPAgent.o
                0x000000000800c554                rtps::SPDPAgent::~SPDPAgent()
                0x000000000800c554                rtps::SPDPAgent::~SPDPAgent()
 .text._ZN4rtps9SPDPAgent5startEv
                0x000000000800c56c       0x2c rtps/src/discovery/SPDPAgent.o
                0x000000000800c56c                rtps::SPDPAgent::start()
 .text._ZN4rtps9SPDPAgent4stopEv
                0x000000000800c598        0x8 rtps/src/discovery/SPDPAgent.o
                0x000000000800c598                rtps::SPDPAgent::stop()
 .text._ZN4rtps9SPDPAgent29addProxiesForBuiltInEndpointsEv
                0x000000000800c5a0      0x294 rtps/src/discovery/SPDPAgent.o
                0x000000000800c5a0                rtps::SPDPAgent::addProxiesForBuiltInEndpoints()
 .text._ZN4rtps9SPDPAgent15receiveCallbackEPvRKNS_17ReaderCacheChangeE
                0x000000000800c834       0xd8 rtps/src/discovery/SPDPAgent.o
                0x000000000800c834                rtps::SPDPAgent::receiveCallback(void*, rtps::ReaderCacheChange const&)
 .text._ZN4rtps9SPDPAgent24addParticipantParametersEv
                0x000000000800c90c      0x1a8 rtps/src/discovery/SPDPAgent.o
                0x000000000800c90c                rtps::SPDPAgent::addParticipantParameters()
 .text._ZN4rtps9SPDPAgent4initERNS_11ParticipantERNS_16BuiltInEndpointsE
                0x000000000800cab4       0x54 rtps/src/discovery/SPDPAgent.o
                0x000000000800cab4                rtps::SPDPAgent::init(rtps::Participant&, rtps::BuiltInEndpoints&)
 .text._ZN4rtps9TopicData14matchesTopicOfERKS0_
                0x000000000800cb08       0x28 rtps/src/discovery/TopicData.o
                0x000000000800cb08                rtps::TopicData::matchesTopicOf(rtps::TopicData const&)
 .text._ZN4rtps9TopicData18readFromUcdrBufferER10ucdrBuffer
                0x000000000800cb30      0x104 rtps/src/discovery/TopicData.o
                0x000000000800cb30                rtps::TopicData::readFromUcdrBuffer(ucdrBuffer&)
 .text._ZNK4rtps9TopicData23serializeIntoUcdrBufferER10ucdrBuffer
                0x000000000800cc34      0x158 rtps/src/discovery/TopicData.o
                0x000000000800cc34                rtps::TopicData::serializeIntoUcdrBuffer(ucdrBuffer&) const
 .text._ZN4rtps6Domain14receiveJumppadEPvRKNS_10PacketInfoE
                0x000000000800cd8c       0xb8 rtps/src/entities/Domain.o
                0x000000000800cd8c                rtps::Domain::receiveJumppad(void*, rtps::PacketInfo const&)
 .text._ZN4rtps6DomainC2Ev
                0x000000000800ce44      0x818 rtps/src/entities/Domain.o
                0x000000000800ce44                rtps::Domain::Domain()
                0x000000000800ce44                rtps::Domain::Domain()
 .text._ZN4rtps6Domain12createReaderERNS_11ParticipantEPKcS4_b
                0x000000000800d65c      0x194 rtps/src/entities/Domain.o
                0x000000000800d65c                rtps::Domain::createReader(rtps::Participant&, char const*, char const*, bool)
 .text._ZN4rtps15StatefulWriterTINS_9UdpDriverEE4initENS_9TopicDataENS_11TopicKind_tEPNS_10ThreadPoolERS1_
                0x000000000800d7f0       0xd4 rtps/src/entities/Domain.o
                0x000000000800d7f0                rtps::StatefulWriterT<rtps::UdpDriver>::init(rtps::TopicData, rtps::TopicKind_t, rtps::ThreadPool*, rtps::UdpDriver&)
 .text._ZN4rtps6Domain30createBuiltinWritersAndReadersERNS_11ParticipantE
                0x000000000800d8c4      0x3c8 rtps/src/entities/Domain.o
                0x000000000800d8c4                rtps::Domain::createBuiltinWritersAndReaders(rtps::Participant&)
 .text._ZN4rtps6Domain17createParticipantEv
                0x000000000800dc8c       0x94 rtps/src/entities/Domain.o
                0x000000000800dc8c                rtps::Domain::createParticipant()
 .text._ZN4rtps6Domain12createWriterERNS_11ParticipantEPKcS4_b
                0x000000000800dd20      0x1bc rtps/src/entities/Domain.o
                0x000000000800dd20                rtps::Domain::createWriter(rtps::Participant&, char const*, char const*, bool)
 .text._ZN4rtps15StatefulWriterTINS_9UdpDriverEE13sendHeartBeatEv
                0x000000000800dedc      0x250 rtps/src/entities/Domain.o
                0x000000000800dedc                rtps::StatefulWriterT<rtps::UdpDriver>::sendHeartBeat()
 .text._ZN4rtps15StatefulWriterTINS_9UdpDriverEE17hbFunctionJumppadEPv
                0x000000000800e12c       0x24 rtps/src/entities/Domain.o
                0x000000000800e12c                rtps::StatefulWriterT<rtps::UdpDriver>::hbFunctionJumppad(void*)
 .text._ZN4rtps11ParticipantC2Ev
                0x000000000800e150      0x6cc rtps/src/entities/Participant.o
                0x000000000800e150                rtps::Participant::Participant()
                0x000000000800e150                rtps::Participant::Participant()
 .text._ZN4rtps11ParticipantD2Ev
                0x000000000800e81c       0x18 rtps/src/entities/Participant.o
                0x000000000800e81c                rtps::Participant::~Participant()
                0x000000000800e81c                rtps::Participant::~Participant()
 .text._ZN4rtps11Participant5reuseERKNS_12GuidPrefix_tEa
                0x000000000800e834       0x18 rtps/src/entities/Participant.o
                0x000000000800e834                rtps::Participant::reuse(rtps::GuidPrefix_t const&, signed char)
 .text._ZN4rtps11Participant20getNextUserEntityKeyEv
                0x000000000800e84c       0x58 rtps/src/entities/Participant.o
                0x000000000800e84c                rtps::Participant::getNextUserEntityKey()
 .text._ZN4rtps11Participant37registerOnNewPublisherMatchedCallbackEPFvPvES1_
                0x000000000800e8a4       0x14 rtps/src/entities/Participant.o
                0x000000000800e8a4                rtps::Participant::registerOnNewPublisherMatchedCallback(void (*)(void*), void*)
 .text._ZN4rtps11Participant38registerOnNewSubscriberMatchedCallbackEPFvPvES1_
                0x000000000800e8b8       0x14 rtps/src/entities/Participant.o
                0x000000000800e8b8                rtps::Participant::registerOnNewSubscriberMatchedCallback(void (*)(void*), void*)
 .text._ZN4rtps11Participant9addWriterEPNS_6WriterE
                0x000000000800e8cc       0x30 rtps/src/entities/Participant.o
                0x000000000800e8cc                rtps::Participant::addWriter(rtps::Writer*)
 .text._ZN4rtps11Participant13isWritersFullEv
                0x000000000800e8fc       0x10 rtps/src/entities/Participant.o
                0x000000000800e8fc                rtps::Participant::isWritersFull()
 .text._ZN4rtps11Participant9addReaderEPNS_6ReaderE
                0x000000000800e90c       0x30 rtps/src/entities/Participant.o
                0x000000000800e90c                rtps::Participant::addReader(rtps::Reader*)
 .text._ZN4rtps11Participant13isReadersFullEv
                0x000000000800e93c       0x10 rtps/src/entities/Participant.o
                0x000000000800e93c                rtps::Participant::isReadersFull()
 .text._ZNK4rtps11Participant9getWriterENS_10EntityId_tE
                0x000000000800e94c      0x118 rtps/src/entities/Participant.o
                0x000000000800e94c                rtps::Participant::getWriter(rtps::EntityId_t) const
 .text._ZNK4rtps11Participant9getReaderENS_10EntityId_tE
                0x000000000800ea64      0x118 rtps/src/entities/Participant.o
                0x000000000800ea64                rtps::Participant::getReader(rtps::EntityId_t) const
 .text._ZNK4rtps11Participant17getMatchingWriterERKNS_9TopicDataE
                0x000000000800eb7c       0x3c rtps/src/entities/Participant.o
                0x000000000800eb7c                rtps::Participant::getMatchingWriter(rtps::TopicData const&) const
 .text._ZNK4rtps11Participant17getMatchingReaderERKNS_9TopicDataE
                0x000000000800ebb8       0x3c rtps/src/entities/Participant.o
                0x000000000800ebb8                rtps::Participant::getMatchingReader(rtps::TopicData const&) const
 .text._ZN4rtps11Participant23addNewRemoteParticipantERKNS_20ParticipantProxyDataE
                0x000000000800ebf4       0x84 rtps/src/entities/Participant.o
                0x000000000800ebf4                rtps::Participant::addNewRemoteParticipant(rtps::ParticipantProxyData const&)
 .text._ZN4rtps11Participant21findRemoteParticipantERKNS_12GuidPrefix_tE
                0x000000000800ec78       0x8c rtps/src/entities/Participant.o
                0x000000000800ec78                rtps::Participant::findRemoteParticipant(rtps::GuidPrefix_t const&)
 .text._ZN4rtps11Participant19addBuiltInEndpointsERNS_16BuiltInEndpointsE
                0x000000000800ed04      0x10c rtps/src/entities/Participant.o
                0x000000000800ed04                rtps::Participant::addBuiltInEndpoints(rtps::BuiltInEndpoints&)
 .text._ZN4rtps11Participant10newMessageEPKht
                0x000000000800ee10        0x8 rtps/src/entities/Participant.o
                0x000000000800ee10                rtps::Participant::newMessage(unsigned char const*, unsigned short)
 .text._ZN4rtps15StatelessReader9newChangeERKNS_17ReaderCacheChangeE
                0x000000000800ee18        0xc rtps/src/entities/StatelessReader.o
                0x000000000800ee18                rtps::StatelessReader::newChange(rtps::ReaderCacheChange const&)
 .text._ZN4rtps15StatelessReader16registerCallbackEPFvPvRKNS_17ReaderCacheChangeEES1_
                0x000000000800ee24        0x8 rtps/src/entities/StatelessReader.o
                0x000000000800ee24                rtps::StatelessReader::registerCallback(void (*)(void*, rtps::ReaderCacheChange const&), void*)
 .text._ZN4rtps15StatelessReader19addNewMatchedWriterERKNS_11WriterProxyE
                0x000000000800ee2c        0x4 rtps/src/entities/StatelessReader.o
                0x000000000800ee2c                rtps::StatelessReader::addNewMatchedWriter(rtps::WriterProxy const&)
 .text._ZN4rtps15StatelessReader12removeWriterERKNS_4GuidE
                0x000000000800ee30        0x4 rtps/src/entities/StatelessReader.o
                0x000000000800ee30                rtps::StatelessReader::removeWriter(rtps::Guid const&)
 .text._ZN4rtps15StatelessReader14onNewHeartbeatERKNS_19SubmessageHeartbeatERKNS_12GuidPrefix_tE
                0x000000000800ee34        0x4 rtps/src/entities/StatelessReader.o
                0x000000000800ee34                rtps::StatelessReader::onNewHeartbeat(rtps::SubmessageHeartbeat const&, rtps::GuidPrefix_t const&)
 .text._ZN4rtps15StatelessReaderD2Ev
                0x000000000800ee38        0x4 rtps/src/entities/StatelessReader.o
                0x000000000800ee38                rtps::StatelessReader::~StatelessReader()
                0x000000000800ee38                rtps::StatelessReader::~StatelessReader()
 .text._ZN4rtps15StatelessReaderD0Ev
                0x000000000800ee3c        0xc rtps/src/entities/StatelessReader.o
                0x000000000800ee3c                rtps::StatelessReader::~StatelessReader()
 .text._ZN4rtps15StatelessReader4initERKNS_9TopicDataE
                0x000000000800ee48        0xc rtps/src/entities/StatelessReader.o
                0x000000000800ee48                rtps::StatelessReader::init(rtps::TopicData const&)
 .text._ZN4rtps15MessageReceiverC2EPNS_11ParticipantE
                0x000000000800ee54       0x20 rtps/src/messages/MessageReceiver.o
                0x000000000800ee54                rtps::MessageReceiver::MessageReceiver(rtps::Participant*)
                0x000000000800ee54                rtps::MessageReceiver::MessageReceiver(rtps::Participant*)
 .text._ZN4rtps15MessageReceiver21processDataSubmessageERNS_21MessageProcessingInfoE
                0x000000000800ee74       0x80 rtps/src/messages/MessageReceiver.o
                0x000000000800ee74                rtps::MessageReceiver::processDataSubmessage(rtps::MessageProcessingInfo&)
 .text._ZN4rtps15MessageReceiver14processMessageEPKht
                0x000000000800eef4      0x12c rtps/src/messages/MessageReceiver.o
                0x000000000800eef4                rtps::MessageReceiver::processMessage(unsigned char const*, unsigned short)
 .text._ZN4rtps18deserializeMessageERKNS_21MessageProcessingInfoERNS_6HeaderE
                0x000000000800f020       0x38 rtps/src/messages/MessageTypes.o
                0x000000000800f020                rtps::deserializeMessage(rtps::MessageProcessingInfo const&, rtps::Header&)
 .text._ZN4rtps18deserializeMessageERKNS_21MessageProcessingInfoERNS_16SubmessageHeaderE
                0x000000000800f058       0x2c rtps/src/messages/MessageTypes.o
                0x000000000800f058                rtps::deserializeMessage(rtps::MessageProcessingInfo const&, rtps::SubmessageHeader&)
 .text._ZN4rtps18deserializeMessageERKNS_21MessageProcessingInfoERNS_14SubmessageDataE
                0x000000000800f084       0x70 rtps/src/messages/MessageTypes.o
                0x000000000800f084                rtps::deserializeMessage(rtps::MessageProcessingInfo const&, rtps::SubmessageData&)
 .text._ZN4rtps18deserializeMessageERKNS_21MessageProcessingInfoERNS_19SubmessageHeartbeatE
                0x000000000800f0f4       0x68 rtps/src/messages/MessageTypes.o
                0x000000000800f0f4                rtps::deserializeMessage(rtps::MessageProcessingInfo const&, rtps::SubmessageHeartbeat&)
 .text._ZN4rtps18deserializeMessageERKNS_21MessageProcessingInfoERNS_17SubmessageAckNackE
                0x000000000800f15c       0x8c rtps/src/messages/MessageTypes.o
                0x000000000800f15c                rtps::deserializeMessage(rtps::MessageProcessingInfo const&, rtps::SubmessageAckNack&)
 .text._ZN4rtps11PBufWrapperC2EP4pbuf
                0x000000000800f1e8        0x8 rtps/src/storages/PBufWrapper.o
                0x000000000800f1e8                rtps::PBufWrapper::PBufWrapper(pbuf*)
                0x000000000800f1e8                rtps::PBufWrapper::PBufWrapper(pbuf*)
 .text._ZN4rtps11PBufWrapperC2ERKS0_
                0x000000000800f1f0       0x20 rtps/src/storages/PBufWrapper.o
                0x000000000800f1f0                rtps::PBufWrapper::PBufWrapper(rtps::PBufWrapper const&)
                0x000000000800f1f0                rtps::PBufWrapper::PBufWrapper(rtps::PBufWrapper const&)
 .text._ZN4rtps11PBufWrapperaSEOS0_
                0x000000000800f210       0x24 rtps/src/storages/PBufWrapper.o
                0x000000000800f210                rtps::PBufWrapper::operator=(rtps::PBufWrapper&&)
 .text._ZN4rtps11PBufWrapperD2Ev
                0x000000000800f234       0x10 rtps/src/storages/PBufWrapper.o
                0x000000000800f234                rtps::PBufWrapper::~PBufWrapper()
                0x000000000800f234                rtps::PBufWrapper::~PBufWrapper()
 .text._ZNK4rtps11PBufWrapper7isValidEv
                0x000000000800f244        0xc rtps/src/storages/PBufWrapper.o
                0x000000000800f244                rtps::PBufWrapper::isValid() const
 .text._ZNK4rtps11PBufWrapper9spaceUsedEv
                0x000000000800f250       0x14 rtps/src/storages/PBufWrapper.o
                0x000000000800f250                rtps::PBufWrapper::spaceUsed() const
 .text._ZN4rtps11PBufWrapper6appendEPKht
                0x000000000800f264       0x34 rtps/src/storages/PBufWrapper.o
                0x000000000800f264                rtps::PBufWrapper::append(unsigned char const*, unsigned short)
 .text._ZN4rtps11PBufWrapper6appendEOS0_
                0x000000000800f298       0x30 rtps/src/storages/PBufWrapper.o
                0x000000000800f298                rtps::PBufWrapper::append(rtps::PBufWrapper&&)
 .text._ZN4rtps11PBufWrapper7reserveEt
                0x000000000800f2c8       0x3c rtps/src/storages/PBufWrapper.o
                0x000000000800f2c8                rtps::PBufWrapper::reserve(unsigned short)
 .text._ZNK4rtps18SimpleHistoryCache6isFullEv
                0x000000000800f304       0x1c rtps/src/storages/SimpleHistoryCache.o
                0x000000000800f304                rtps::SimpleHistoryCache::isFull() const
 .text._ZNK4rtps18SimpleHistoryCache12getSeqNumMinEv
                0x000000000800f320       0x20 rtps/src/storages/SimpleHistoryCache.o
                0x000000000800f320                rtps::SimpleHistoryCache::getSeqNumMin() const
 .text._ZNK4rtps18SimpleHistoryCache12getSeqNumMaxEv
                0x000000000800f340       0x18 rtps/src/storages/SimpleHistoryCache.o
                0x000000000800f340                rtps::SimpleHistoryCache::getSeqNumMax() const
 .text._ZN4rtps18SimpleHistoryCache9addChangeEPKht
                0x000000000800f358       0xc0 rtps/src/storages/SimpleHistoryCache.o
                0x000000000800f358                rtps::SimpleHistoryCache::addChange(unsigned char const*, unsigned short)
 .text._ZNK4rtps18SimpleHistoryCache13getChangeBySNENS_16SequenceNumber_tE
                0x000000000800f418       0x80 rtps/src/storages/SimpleHistoryCache.o
                0x000000000800f418                rtps::SimpleHistoryCache::getChangeBySN(rtps::SequenceNumber_t) const
 .text.ucdr_check_buffer
                0x000000000800f498       0x2c rtps/thirdparty/Micro-CDR/src/c/common.o
                0x000000000800f498                ucdr_check_buffer
 .text.ucdr_init_buffer
                0x000000000800f4c4       0x1c rtps/thirdparty/Micro-CDR/src/c/common.o
                0x000000000800f4c4                ucdr_init_buffer
 .text.ucdr_align_to
                0x000000000800f4e0       0x3c rtps/thirdparty/Micro-CDR/src/c/common.o
                0x000000000800f4e0                ucdr_align_to
 .text.ucdr_buffer_alignment
                0x000000000800f51c       0x24 rtps/thirdparty/Micro-CDR/src/c/common.o
                0x000000000800f51c                ucdr_buffer_alignment
 .text.ucdr_buffer_length
                0x000000000800f540        0x8 rtps/thirdparty/Micro-CDR/src/c/common.o
                0x000000000800f540                ucdr_buffer_length
 .text.ucdr_buffer_remaining
                0x000000000800f548        0x8 rtps/thirdparty/Micro-CDR/src/c/common.o
                0x000000000800f548                ucdr_buffer_remaining
 .text.ucdr_serialize_array_char
                0x000000000800f550       0x2c rtps/thirdparty/Micro-CDR/src/c/types/array.o
                0x000000000800f550                ucdr_serialize_array_char
 .text.ucdr_serialize_array_uint8_t
                0x000000000800f57c       0x2c rtps/thirdparty/Micro-CDR/src/c/types/array.o
                0x000000000800f57c                ucdr_serialize_array_uint8_t
 .text.ucdr_deserialize_array_char
                0x000000000800f5a8       0x2c rtps/thirdparty/Micro-CDR/src/c/types/array.o
                0x000000000800f5a8                ucdr_deserialize_array_char
 .text.ucdr_deserialize_array_uint8_t
                0x000000000800f5d4       0x2c rtps/thirdparty/Micro-CDR/src/c/types/array.o
                0x000000000800f5d4                ucdr_deserialize_array_uint8_t
 .text.ucdr_serialize_uint8_t
                0x000000000800f600       0x24 rtps/thirdparty/Micro-CDR/src/c/types/basic.o
                0x000000000800f600                ucdr_serialize_uint8_t
 .text.ucdr_serialize_uint16_t
                0x000000000800f624       0x4c rtps/thirdparty/Micro-CDR/src/c/types/basic.o
                0x000000000800f624                ucdr_serialize_uint16_t
 .text.ucdr_serialize_uint32_t
                0x000000000800f670       0x5c rtps/thirdparty/Micro-CDR/src/c/types/basic.o
                0x000000000800f670                ucdr_serialize_uint32_t
 .text.ucdr_serialize_int32_t
                0x000000000800f6cc       0x5c rtps/thirdparty/Micro-CDR/src/c/types/basic.o
                0x000000000800f6cc                ucdr_serialize_int32_t
 .text.ucdr_deserialize_bool
                0x000000000800f728       0x28 rtps/thirdparty/Micro-CDR/src/c/types/basic.o
                0x000000000800f728                ucdr_deserialize_bool
 .text.ucdr_deserialize_uint8_t
                0x000000000800f750       0x28 rtps/thirdparty/Micro-CDR/src/c/types/basic.o
                0x000000000800f750                ucdr_deserialize_uint8_t
 .text.ucdr_deserialize_uint16_t
                0x000000000800f778       0x50 rtps/thirdparty/Micro-CDR/src/c/types/basic.o
                0x000000000800f778                ucdr_deserialize_uint16_t
 .text.ucdr_deserialize_uint32_t
                0x000000000800f7c8       0x5c rtps/thirdparty/Micro-CDR/src/c/types/basic.o
                0x000000000800f7c8                ucdr_deserialize_uint32_t
 .text.ucdr_deserialize_int32_t
                0x000000000800f824       0x5c rtps/thirdparty/Micro-CDR/src/c/types/basic.o
                0x000000000800f824                ucdr_deserialize_int32_t
 .text.Reset_Handler
                0x000000000800f880       0x50 startup/startup_stm32f767xx.o
                0x000000000800f880                Reset_Handler
 .text.Default_Handler
                0x000000000800f8d0        0x2 startup/startup_stm32f767xx.o
                0x000000000800f8d0                DMA1_Stream3_IRQHandler
                0x000000000800f8d0                EXTI2_IRQHandler
                0x000000000800f8d0                TIM8_CC_IRQHandler
                0x000000000800f8d0                UART8_IRQHandler
                0x000000000800f8d0                SPI4_IRQHandler
                0x000000000800f8d0                TIM1_CC_IRQHandler
                0x000000000800f8d0                DMA2_Stream5_IRQHandler
                0x000000000800f8d0                HardFault_Handler
                0x000000000800f8d0                JPEG_IRQHandler
                0x000000000800f8d0                DMA1_Stream5_IRQHandler
                0x000000000800f8d0                CAN3_RX1_IRQHandler
                0x000000000800f8d0                PVD_IRQHandler
                0x000000000800f8d0                TAMP_STAMP_IRQHandler
                0x000000000800f8d0                CAN2_RX1_IRQHandler
                0x000000000800f8d0                EXTI3_IRQHandler
                0x000000000800f8d0                TIM8_TRG_COM_TIM14_IRQHandler