api_msg.c:166:1:recv_udp	32	static
api_msg.c:623:1:lwip_netconn_do_newconn	16	static
api_msg.c:648:1:netconn_alloc	16	static
api_msg.c:734:1:netconn_free	16	static
api_msg.c:1019:1:lwip_netconn_do_delconn	24	static
api_msg.c:1121:1:lwip_netconn_do_bind	8	static
api_msg.c:1212:1:lwip_netconn_do_connect	8	static
api_msg.c:1283:1:lwip_netconn_do_disconnect	8	static
api_msg.c:1391:1:lwip_netconn_do_send	8	static
api_msg.c:1651:1:lwip_netconn_do_write	8	static
api_msg.c:1707:1:lwip_netconn_do_getaddr	16	static
api_msg.c:1774:1:lwip_netconn_do_close	8	static
api_msg.c:1853:1:lwip_netconn_do_join_leave_group	8	static
