StatefulWriter.tpp:66:6:bool rtps::StatefulWriterT<NetworkDriver>::addNewMatchedReader(const rtps::ReaderProxy&) [with NetworkDriver = rtps::UdpDriver]	24	static
StatefulReader.tpp:52:6:void rtps::StatefulReaderT<NetworkDriver>::registerCallback(rtps::ddsReaderCallback_fp, void*) [with NetworkDriver = rtps::UdpDriver]	0	static
StatelessWriter.tpp:108:6:void rtps::StatelessWriterT<NetworkDriver>::onNewAckNack(const rtps::SubmessageAckNack&, const rtps::GuidPrefix_t&) [with NetworkDriver = rtps::UdpDriver]	0	static
StatefulReader.tpp:64:6:bool rtps::StatefulReaderT<NetworkDriver>::addNewMatchedWriter(const rtps::WriterProxy&) [with NetworkDriver = rtps::UdpDriver]	16	static
StatelessWriter.tpp:27:1:rtps::StatelessWriterT<NetworkDriver>::~StatelessWriterT() [with NetworkDriver = rtps::UdpDriver]	16	static
StatelessWriter.tpp:27:1:rtps::StatelessWriterT<NetworkDriver>::~StatelessWriterT() [with NetworkDriver = rtps::UdpDriver]	8	static
StatefulReader.tpp:20:1:rtps::StatefulReaderT<NetworkDriver>::~StatefulReaderT() [with NetworkDriver = rtps::UdpDriver]	8	static
StatefulReader.tpp:20:1:rtps::StatefulReaderT<NetworkDriver>::~StatefulReaderT() [with NetworkDriver = rtps::UdpDriver]	8	static
StatelessWriter.tpp:97:6:void rtps::StatelessWriterT<NetworkDriver>::setAllChangesToUnsent() [with NetworkDriver = rtps::UdpDriver]	16	static
StatefulWriter.tpp:133:6:void rtps::StatefulWriterT<NetworkDriver>::setAllChangesToUnsent() [with NetworkDriver = rtps::UdpDriver]	16	static
StatefulWriter.tpp:33:1:rtps::StatefulWriterT<NetworkDriver>::~StatefulWriterT() [with NetworkDriver = rtps::UdpDriver]	16	static
StatefulWriter.tpp:33:1:rtps::StatefulWriterT<NetworkDriver>::~StatefulWriterT() [with NetworkDriver = rtps::UdpDriver]	8	static
StatelessWriter.tpp:52:6:bool rtps::StatelessWriterT<NetworkDriver>::addNewMatchedReader(const rtps::ReaderProxy&) [with NetworkDriver = rtps::UdpDriver]	24	static
StatefulReader.tpp:74:6:void rtps::StatefulReaderT<NetworkDriver>::removeWriter(const rtps::Guid&) [with NetworkDriver = rtps::UdpDriver]	32	static
StatefulWriter.tpp:80:54:static bool rtps::StatefulWriterT<NetworkDriver>::removeReader(const rtps::Guid&) [with NetworkDriver = rtps::UdpDriver]::<lambda(void*, const rtps::ReaderProxy&)>::_FUN(void*, const rtps::ReaderProxy&)	16	static
StatelessWriter.tpp:62:6:void rtps::StatelessWriterT<NetworkDriver>::removeReader(const rtps::Guid&) [with NetworkDriver = rtps::UdpDriver]	32	static
StatefulWriter.tpp:76:6:void rtps::StatefulWriterT<NetworkDriver>::removeReader(const rtps::Guid&) [with NetworkDriver = rtps::UdpDriver]	32	static
StatefulReader.tpp:35:6:void rtps::StatefulReaderT<NetworkDriver>::newChange(const rtps::ReaderCacheChange&) [with NetworkDriver = rtps::UdpDriver]	56	static
StatelessWriter.tpp:66:54:static bool rtps::StatelessWriterT<NetworkDriver>::removeReader(const rtps::Guid&) [with NetworkDriver = rtps::UdpDriver]::<lambda(void*, const rtps::ReaderProxy&)>::_FUN(void*, const rtps::ReaderProxy&)	16	static
StatefulReader.tpp:78:54:static bool rtps::StatefulReaderT<NetworkDriver>::removeWriter(const rtps::Guid&) [with NetworkDriver = rtps::UdpDriver]::<lambda(void*, const rtps::WriterProxy&)>::_FUN(void*, const rtps::WriterProxy&)	16	static
Domain.cpp:14:1:rtps::Domain::Domain()	48	static
Domain.cpp:20:6:bool rtps::Domain::completeInit()	8	static
Domain.cpp:30:6:void rtps::Domain::stop()	8	static
Domain.cpp:39:6:void rtps::Domain::receiveCallback(const rtps::PacketInfo&)	16	static
Domain.cpp:34:6:static void rtps::Domain::receiveJumppad(void*, const rtps::PacketInfo&)	8	static
Domain.cpp:151:6:void rtps::Domain::registerPort(const rtps::Participant&)	16	static
Domain.cpp:252:20:rtps::GuidPrefix_t rtps::Domain::generateGuidPrefix(rtps::ParticipantId_t) const	0	static
StatelessWriter.tpp:34:6:bool rtps::StatelessWriterT<NetworkDriver>::init(rtps::TopicData, rtps::TopicKind_t, rtps::ThreadPool*, NetworkDriver&) [with NetworkDriver = rtps::UdpDriver]	8	static
StatefulReader.tpp:27:6:void rtps::StatefulReaderT<NetworkDriver>::init(const rtps::TopicData&, NetworkDriver&) [with NetworkDriver = rtps::UdpDriver]	16	static
Domain.cpp:198:15:rtps::Reader* rtps::Domain::createReader(rtps::Participant&, const char*, const char*, bool)	144	static
StatefulWriter.tpp:42:6:bool rtps::StatefulWriterT<NetworkDriver>::init(rtps::TopicData, rtps::TopicKind_t, rtps::ThreadPool*, NetworkDriver&) [with NetworkDriver = rtps::UdpDriver]	24	static
Domain.cpp:95:6:void rtps::Domain::createBuiltinWritersAndReaders(rtps::Participant&)	544	static
Domain.cpp:78:20:rtps::Participant* rtps::Domain::createParticipant()	32	static
Domain.cpp:156:15:rtps::Writer* rtps::Domain::createWriter(rtps::Participant&, const char*, const char*, bool)	232	static
MessageTypes.h:204:7:bool rtps::serializeMessage(Buffer&, rtps::Header&) [with Buffer = rtps::PBufWrapper]	16	static
MessageFactory.h:24:14:void rtps::MessageFactory::addHeader(Buffer&, const rtps::GuidPrefix_t&) [with Buffer = rtps::PBufWrapper]	32	static
MessageTypes.h:217:10:bool rtps::serializeMessage(Buffer&, rtps::SubmessageHeader&) [with Buffer = rtps::PBufWrapper]	16	static
MessageTypes.h:249:10:bool rtps::serializeMessage(Buffer&, rtps::SubmessageHeartbeat&) [with Buffer = rtps::PBufWrapper]	16	static
MessageFactory.h:100:14:void rtps::MessageFactory::addHeartbeat(Buffer&, rtps::EntityId_t, rtps::EntityId_t, rtps::SequenceNumber_t, rtps::SequenceNumber_t, rtps::Count_t) [with Buffer = rtps::PBufWrapper]	48	static
StatefulWriter.tpp:265:6:void rtps::StatefulWriterT<NetworkDriver>::sendHeartBeat() [with NetworkDriver = rtps::UdpDriver]	104	static
StatefulWriter.tpp:257:6:void rtps::StatefulWriterT<NetworkDriver>::sendHeartBeatLoop() [with NetworkDriver = rtps::UdpDriver]	8	static
StatefulWriter.tpp:251:6:static void rtps::StatefulWriterT<NetworkDriver>::hbFunctionJumppad(void*) [with NetworkDriver = rtps::UdpDriver]	8	static
StatefulWriter.tpp:80:54:rtps::StatefulWriterT<NetworkDriver>::removeReader(const rtps::Guid&)::<lambda(void*, const rtps::ReaderProxy&)> [with NetworkDriver = rtps::UdpDriver]	16	static
StatefulReader.tpp:78:54:rtps::StatefulReaderT<NetworkDriver>::removeWriter(const rtps::Guid&)::<lambda(void*, const rtps::WriterProxy&)> [with NetworkDriver = rtps::UdpDriver]	16	static
StatelessWriter.tpp:66:54:rtps::StatelessWriterT<NetworkDriver>::removeReader(const rtps::Guid&)::<lambda(void*, const rtps::ReaderProxy&)> [with NetworkDriver = rtps::UdpDriver]	16	static
StatefulWriter.tpp:126:6:bool rtps::StatefulWriterT<NetworkDriver>::isIrrelevant(rtps::ChangeKind_t) const [with NetworkDriver = rtps::UdpDriver]	0	static
StatefulWriter.tpp:87:26:const rtps::CacheChange* rtps::StatefulWriterT<NetworkDriver>::newChange(rtps::ChangeKind_t, const uint8_t*, rtps::DataSize_t) [with NetworkDriver = rtps::UdpDriver]	40	static
MessageFactory.h:36:14:void rtps::MessageFactory::addSubMessageTimeStamp(Buffer&, bool) [with Buffer = rtps::PBufWrapper]	32	static
StatelessWriter.tpp:113:6:bool rtps::StatelessWriterT<NetworkDriver>::isIrrelevant(rtps::ChangeKind_t) const [with NetworkDriver = rtps::UdpDriver]	0	static
StatelessWriter.tpp:72:20:const rtps::CacheChange* rtps::StatelessWriterT<NetworkDriver>::newChange(rtps::ChangeKind_t, const uint8_t*, rtps::DataSize_t) [with NetworkDriver = rtps::UdpDriver]	40	static
MessageTypes.h:269:10:bool rtps::serializeMessage(Buffer&, rtps::SubmessageAckNack&) [with Buffer = rtps::PBufWrapper]	16	static
MessageFactory.h:122:14:void rtps::MessageFactory::addAckNack(Buffer&, rtps::EntityId_t, rtps::EntityId_t, rtps::SequenceNumberSet, rtps::Count_t) [with Buffer = rtps::PBufWrapper]	88	static
StatefulReader.tpp:84:6:bool rtps::StatefulReaderT<NetworkDriver>::onNewHeartbeat(const rtps::SubmessageHeartbeat&, const rtps::GuidPrefix_t&) [with NetworkDriver = rtps::UdpDriver]	160	static
MessageTypes.h:230:10:bool rtps::serializeMessage(Buffer&, rtps::SubmessageData&) [with Buffer = rtps::PBufWrapper]	16	static
MessageFactory.h:65:14:void rtps::MessageFactory::addSubMessageData(Buffer&, const Buffer&, bool, const rtps::SequenceNumber_t&, const rtps::EntityId_t&, const rtps::EntityId_t&) [with Buffer = rtps::PBufWrapper]	56	static
StatelessWriter.tpp:120:6:void rtps::StatelessWriterT<NetworkDriver>::progress() [with NetworkDriver = rtps::UdpDriver]	72	static
StatefulWriter.tpp:215:6:bool rtps::StatefulWriterT<NetworkDriver>::sendData(const rtps::ReaderProxy&, const rtps::SequenceNumber_t&) [with NetworkDriver = rtps::UdpDriver]	56	static
StatefulWriter.tpp:144:6:void rtps::StatefulWriterT<NetworkDriver>::onNewAckNack(const rtps::SubmessageAckNack&, const rtps::GuidPrefix_t&) [with NetworkDriver = rtps::UdpDriver]	96	static
StatefulWriter.tpp:116:6:void rtps::StatefulWriterT<NetworkDriver>::progress() [with NetworkDriver = rtps::UdpDriver]	32	static
