cmsis_os.c:193:10:osKernelStart	8	static
cmsis_os.c:208:9:osKernelRunning	8	static
cmsis_os.c:227:10:osKernelSysTick	0	static,ignoring_inline_asm
cmsis_os.c:245:12:osThreadCreate	32	static
cmsis_os.c:283:12:osThreadGetId	0	static
cmsis_os.c:298:10:osThreadTerminate	8	static
cmsis_os.c:313:10:osThreadYield	0	static,ignoring_inline_asm
cmsis_os.c:327:10:osThreadSetPriority	8	static
cmsis_os.c:343:12:osThreadGetPriority	8	static,ignoring_inline_asm
cmsis_os.c:365:10:osDelay	8	static
cmsis_os.c:400:11:osTimerCreate	0	static
cmsis_os.c:447:10:osTimerStart	0	static
cmsis_os.c:486:10:osTimerStop	0	static
cmsis_os.c:515:10:osTimerDelete	0	static
cmsis_os.c:545:9:osSignalSet	24	static,ignoring_inline_asm
cmsis_os.c:586:9:osSignalWait	32	static,ignoring_inline_asm
cmsis_os.c:640:11:osMutexCreate	0	static
cmsis_os.c:669:10:osMutexWait	16	static,ignoring_inline_asm
cmsis_os.c:709:10:osMutexRelease	16	static,ignoring_inline_asm
cmsis_os.c:733:10:osMutexDelete	8	static,ignoring_inline_asm
cmsis_os.c:755:15:osSemaphoreCreate	8	static
cmsis_os.c:822:9:osSemaphoreWait	16	static,ignoring_inline_asm
cmsis_os.c:862:10:osSemaphoreRelease	16	static,ignoring_inline_asm
cmsis_os.c:889:10:osSemaphoreDelete	8	static,ignoring_inline_asm
cmsis_os.c:926:10:osPoolCreate	24	static
cmsis_os.c:979:7:osPoolAlloc	24	static,ignoring_inline_asm
cmsis_os.c:1023:7:osPoolCAlloc	24	static,ignoring_inline_asm
cmsis_os.c:1042:10:osPoolFree	0	static
cmsis_os.c:1086:14:osMessageCreate	0	static
cmsis_os.c:1113:10:osMessagePut	24	static,ignoring_inline_asm
cmsis_os.c:1145:9:osMessageGet	32	static,ignoring_inline_asm
cmsis_os.c:1214:11:osMailCreate	40	static
cmsis_os.c:1260:7:osMailAlloc	24	static,ignoring_inline_asm
cmsis_os.c:1282:7:osMailCAlloc	24	static,ignoring_inline_asm
cmsis_os.c:1303:10:osMailPut	24	static,ignoring_inline_asm
cmsis_os.c:1336:9:osMailGet	32	static,ignoring_inline_asm
cmsis_os.c:1392:10:osMailFree	4	static
cmsis_os.c:1408:6:osSystickHandler	8	static
cmsis_os.c:1478:10:osThreadSuspend	8	static
cmsis_os.c:1494:10:osThreadResume	8	static,ignoring_inline_asm
cmsis_os.c:1518:10:osThreadSuspendAll	8	static
cmsis_os.c:1529:10:osThreadResumeAll	8	static
cmsis_os.c:1546:10:osDelayUntil	0	static
cmsis_os.c:1566:10:osAbortDelay	0	static
cmsis_os.c:1587:10:osThreadList	0	static
cmsis_os.c:1601:9:osMessagePeek	32	static
cmsis_os.c:1642:10:osMessageWaiting	0	static,ignoring_inline_asm
cmsis_os.c:1658:10:osMessageAvailableSpace	0	static
cmsis_os.c:1668:10:osMessageDelete	8	static,ignoring_inline_asm
cmsis_os.c:1684:11:osRecursiveMutexCreate	0	static
cmsis_os.c:1710:10:osRecursiveMutexRelease	0	static
cmsis_os.c:1731:10:osRecursiveMutexWait	0	static
cmsis_os.c:1770:10:osSemaphoreGetCount	0	static
