stm32f7xx_hal_uart.c:2914:13:UART_EndTxTransfer	0	static
stm32f7xx_hal_uart.c:2929:13:UART_EndRxTransfer	0	static
stm32f7xx_hal_uart.c:3276:13:UART_TxISR_8BIT	0	static
stm32f7xx_hal_uart.c:3305:13:UART_TxISR_16BIT	0	static
stm32f7xx_hal_uart.c:659:13:HAL_UART_MspInit	0	static
stm32f7xx_hal_uart.c:674:13:HAL_UART_MspDeInit	0	static
stm32f7xx_hal_uart.c:612:19:HAL_UART_DeInit	16	static
stm32f7xx_hal_uart.c:1190:19:HAL_UART_Transmit_IT	0	static
stm32f7xx_hal_uart.c:1242:19:HAL_UART_Receive_IT	0	static
stm32f7xx_hal_uart.c:1300:19:HAL_UART_Transmit_DMA	16	static
stm32f7xx_hal_uart.c:1376:19:HAL_UART_Receive_DMA	16	static
stm32f7xx_hal_uart.c:1450:19:HAL_UART_DMAPause	4	static
stm32f7xx_hal_uart.c:1486:19:HAL_UART_DMAResume	0	static
stm32f7xx_hal_uart.c:1520:19:HAL_UART_DMAStop	16	static
stm32f7xx_hal_uart.c:1595:19:HAL_UART_Abort	8	static
stm32f7xx_hal_uart.c:1684:19:HAL_UART_AbortTransmit	8	static
stm32f7xx_hal_uart.c:1736:19:HAL_UART_AbortReceive	8	static
stm32f7xx_hal_uart.c:2278:13:HAL_UART_TxCpltCallback	0	static
stm32f7xx_hal_uart.c:2948:13:UART_DMATransmitCplt	8	static
stm32f7xx_hal_uart.c:3337:13:UART_EndTransmit_IT	8	static
stm32f7xx_hal_uart.c:2293:13:HAL_UART_TxHalfCpltCallback	0	static
stm32f7xx_hal_uart.c:2982:13:UART_DMATxHalfCplt	8	static
stm32f7xx_hal_uart.c:2308:13:HAL_UART_RxCpltCallback	0	static
stm32f7xx_hal_uart.c:3362:13:UART_RxISR_8BIT	8	static
stm32f7xx_hal_uart.c:3412:13:UART_RxISR_16BIT	8	static
stm32f7xx_hal_uart.c:3000:13:UART_DMAReceiveCplt	8	static
stm32f7xx_hal_uart.c:2323:13:HAL_UART_RxHalfCpltCallback	0	static
stm32f7xx_hal_uart.c:3035:13:UART_DMARxHalfCplt	8	static
stm32f7xx_hal_uart.c:2338:13:HAL_UART_ErrorCallback	0	static
stm32f7xx_hal_uart.c:3053:13:UART_DMAError	16	static
stm32f7xx_hal_uart.c:2103:6:HAL_UART_IRQHandler	16	static
stm32f7xx_hal_uart.c:3093:13:UART_DMAAbortOnError	8	static
stm32f7xx_hal_uart.c:2353:13:HAL_UART_AbortCpltCallback	0	static
stm32f7xx_hal_uart.c:1796:19:HAL_UART_Abort_IT	8	static
stm32f7xx_hal_uart.c:3165:13:UART_DMARxAbortCallback	8	static
stm32f7xx_hal_uart.c:3116:13:UART_DMATxAbortCallback	8	static
stm32f7xx_hal_uart.c:2368:13:HAL_UART_AbortTransmitCpltCallback	0	static
stm32f7xx_hal_uart.c:1935:19:HAL_UART_AbortTransmit_IT	8	static
stm32f7xx_hal_uart.c:3216:13:UART_DMATxOnlyAbortCallback	8	static
stm32f7xx_hal_uart.c:2383:13:HAL_UART_AbortReceiveCpltCallback	0	static
stm32f7xx_hal_uart.c:2019:19:HAL_UART_AbortReceive_IT	8	static
stm32f7xx_hal_uart.c:3244:13:UART_DMARxOnlyAbortCallback	8	static
stm32f7xx_hal_uart.c:2467:6:HAL_MultiProcessor_EnterMuteMode	0	static
stm32f7xx_hal_uart.c:2477:19:HAL_HalfDuplex_EnableTransmitter	0	static
stm32f7xx_hal_uart.c:2502:19:HAL_HalfDuplex_EnableReceiver	0	static
stm32f7xx_hal_uart.c:2528:19:HAL_LIN_SendBreak	0	static
stm32f7xx_hal_uart.c:2575:23:HAL_UART_GetState	0	static
stm32f7xx_hal_uart.c:2590:10:HAL_UART_GetError	0	static
stm32f7xx_hal_uart.c:2632:19:UART_SetConfig	8	static
stm32f7xx_hal_uart.c:2767:6:UART_AdvFeatureConfig	0	static
stm32f7xx_hal_uart.c:2881:19:UART_WaitOnFlagUntilTimeout	24	static
stm32f7xx_hal_uart.c:1022:19:HAL_UART_Transmit	32	static
stm32f7xx_hal_uart.c:1106:19:HAL_UART_Receive	40	static
stm32f7xx_hal_uart.c:2841:19:UART_CheckIdleState	16	static
stm32f7xx_hal_uart.c:287:19:HAL_UART_Init	8	static
stm32f7xx_hal_uart.c:362:19:HAL_HalfDuplex_Init	8	static
stm32f7xx_hal_uart.c:437:19:HAL_LIN_Init	16	static
stm32f7xx_hal_uart.c:536:19:HAL_MultiProcessor_Init	16	static
stm32f7xx_hal_uart.c:2425:19:HAL_MultiProcessor_EnableMuteMode	8	static
stm32f7xx_hal_uart.c:2446:19:HAL_MultiProcessor_DisableMuteMode	8	static
