sys_arch.c:50:7:sys_mbox_new	16	static
sys_arch.c:77:6:sys_mbox_free	8	static
sys_arch.c:104:6:sys_mbox_post	16	static
sys_arch.c:116:7:sys_mbox_trypost	8	static
sys_arch.c:156:7:sys_arch_mbox_fetch	40	static
sys_arch.c:205:7:sys_arch_mbox_tryfetch	24	static
sys_arch.c:227:5:sys_mbox_valid	0	static
sys_arch.c:235:6:sys_mbox_set_invalid	0	static
sys_arch.c:243:7:sys_sem_new	24	static
sys_arch.c:295:7:sys_arch_sem_wait	16	static
sys_arch.c:333:6:sys_sem_signal	0	static
sys_arch.c:340:6:sys_sem_free	0	static
sys_arch.c:349:5:sys_sem_valid	0	static
sys_arch.c:358:6:sys_sem_set_invalid	0	static
sys_arch.c:371:6:sys_init	8	static
sys_arch.c:385:7:sys_mutex_new	16	static
sys_arch.c:412:6:sys_mutex_free	0	static
sys_arch.c:422:6:sys_mutex_lock	0	static
sys_arch.c:433:6:sys_mutex_unlock	0	static
sys_arch.c:447:14:sys_thread_new	40	static
sys_arch.c:478:12:sys_arch_protect	8	static
sys_arch.c:498:6:sys_arch_unprotect	0	static
