etharp.c:170:1:etharp_free_entry	8	static
etharp.c:258:1:etharp_find_entry	40	static
etharp.c:424:1:etharp_update_arp_entry	32	static
etharp.c:1102:1:etharp_raw	40	static
etharp.c:1182:1:etharp_request_dst	32	static
etharp.c:559:1:etharp_cleanup_netif	16	static
etharp.c:583:1:etharp_find_addr	24	static
etharp.c:612:1:etharp_get_entry	24	static
etharp.c:641:1:etharp_input	48	static
etharp.c:1199:1:etharp_request	8	static
etharp.c:199:1:etharp_tmr	16	static
etharp.c:746:1:etharp_output_to_arp_index	24	static
etharp.c:930:1:etharp_query	40	static
etharp.c:789:1:etharp_output	32	static
